Archive member included to satisfy reference by file (symbol)

lib/libDaisy/build\libdaisy.a(daisy_seed.o)
                              build/miku.o (daisy::DaisySeed::Configure())
lib/libDaisy/build\libdaisy.a(codec_ak4556.o)
                              lib/libDaisy/build\libdaisy.a(daisy_seed.o) (daisy::Ak4556::Init(dsy_gpio_pin))
lib/libDaisy/build\libdaisy.a(codec_wm8731.o)
                              lib/libDaisy/build\libdaisy.a(daisy_seed.o) (daisy::Wm8731::Init(daisy::Wm8731::Config const&, daisy::I2CHandle))
lib/libDaisy/build\libdaisy.a(sdram.o)
                              lib/libDaisy/build\libdaisy.a(daisy_seed.o) (SdramHandle::Init())
lib/libDaisy/build\libdaisy.a(audio.o)
                              lib/libDaisy/build\libdaisy.a(daisy_seed.o) (daisy::AudioHandle::Init(daisy::AudioHandle::Config const&, daisy::SaiHandle))
lib/libDaisy/build\libdaisy.a(logger.o)
                              build/miku.o (daisy::Logger<(daisy::LoggerDestination)1>::StartLog(bool))
lib/libDaisy/build\libdaisy.a(midi.o)
                              build/miku.o (daisy::MidiUartTransport::Config::Config())
lib/libDaisy/build\libdaisy.a(midi_parser.o)
                              build/miku.o (daisy::MidiParser::Parse(unsigned char, daisy::MidiEvent*))
lib/libDaisy/build\libdaisy.a(usb.o)
                              lib/libDaisy/build\libdaisy.a(logger.o) (daisy::UsbHandle::Init(daisy::UsbHandle::UsbPeriph))
lib/libDaisy/build\libdaisy.a(gpio.o)
                              lib/libDaisy/build\libdaisy.a(daisy_seed.o) (daisy::GPIO::Init(daisy::Pin, daisy::GPIO::Mode, daisy::GPIO::Pull, daisy::GPIO::Speed))
lib/libDaisy/build\libdaisy.a(i2c.o)
                              build/miku.o (daisy::I2CHandle::Init(daisy::I2CHandle::Config const&))
lib/libDaisy/build\libdaisy.a(qspi.o)
                              lib/libDaisy/build\libdaisy.a(daisy_seed.o) (daisy::QSPIHandle::Init(daisy::QSPIHandle::Config const&))
lib/libDaisy/build\libdaisy.a(sai.o)
                              lib/libDaisy/build\libdaisy.a(daisy_seed.o) (daisy::SaiHandle::Init(daisy::SaiHandle::Config const&))
lib/libDaisy/build\libdaisy.a(uart.o)
                              build/miku.o (daisy::UartHandler::Init(daisy::UartHandler::Config const&))
lib/libDaisy/build\libdaisy.a(dma.o)
                              build/miku.o (dsy_dma_clear_cache_for_buffer)
lib/libDaisy/build\libdaisy.a(system.o)
                              lib/libDaisy/build\libdaisy.a(daisy_seed.o) (daisy::System::DeInit())
lib/libDaisy/build\libdaisy.a(system_stm32h7xx.o)
                              build/startup_stm32h750xx.o (SystemInit)
lib/libDaisy/build\libdaisy.a(usbd_cdc_if.o)
                              lib/libDaisy/build\libdaisy.a(usb.o) (CDC_Transmit_FS)
lib/libDaisy/build\libdaisy.a(usbd_conf.o)
                              lib/libDaisy/build\libdaisy.a(system.o) (hpcd_USB_OTG_HS)
lib/libDaisy/build\libdaisy.a(usbd_desc.o)
                              lib/libDaisy/build\libdaisy.a(usb.o) (HS_Desc)
lib/libDaisy/build\libdaisy.a(usbh_conf.o)
                              lib/libDaisy/build\libdaisy.a(system.o) (hhcd_USB_OTG_HS)
lib/libDaisy/build\libdaisy.a(hal_map.o)
                              lib/libDaisy/build\libdaisy.a(gpio.o) (dsy_hal_map_get_port)
lib/libDaisy/build\libdaisy.a(oled_fonts.o)
                              build/miku.o (Font_6x8)
lib/libDaisy/build\libdaisy.a(stm32h7xx_hal.o)
                              lib/libDaisy/build\libdaisy.a(system.o) (HAL_Init)
lib/libDaisy/build\libdaisy.a(stm32h7xx_hal_cortex.o)
                              lib/libDaisy/build\libdaisy.a(stm32h7xx_hal.o) (HAL_NVIC_SetPriorityGrouping)
lib/libDaisy/build\libdaisy.a(stm32h7xx_hal_dma.o)
                              lib/libDaisy/build\libdaisy.a(i2c.o) (HAL_DMA_Init)
lib/libDaisy/build\libdaisy.a(stm32h7xx_hal_gpio.o)
                              lib/libDaisy/build\libdaisy.a(sdram.o) (HAL_GPIO_Init)
lib/libDaisy/build\libdaisy.a(stm32h7xx_hal_hcd.o)
                              lib/libDaisy/build\libdaisy.a(usbh_conf.o) (HAL_HCD_HC_Init)
lib/libDaisy/build\libdaisy.a(stm32h7xx_hal_i2c.o)
                              lib/libDaisy/build\libdaisy.a(i2c.o) (HAL_I2C_Init)
lib/libDaisy/build\libdaisy.a(stm32h7xx_hal_i2c_ex.o)
                              lib/libDaisy/build\libdaisy.a(i2c.o) (HAL_I2CEx_ConfigAnalogFilter)
lib/libDaisy/build\libdaisy.a(stm32h7xx_hal_pcd.o)
                              lib/libDaisy/build\libdaisy.a(usbd_conf.o) (HAL_PCD_Init)
lib/libDaisy/build\libdaisy.a(stm32h7xx_hal_pcd_ex.o)
                              lib/libDaisy/build\libdaisy.a(usbd_conf.o) (HAL_PCDEx_SetTxFiFo)
lib/libDaisy/build\libdaisy.a(stm32h7xx_hal_pwr_ex.o)
                              lib/libDaisy/build\libdaisy.a(system.o) (HAL_PWREx_ConfigSupply)
lib/libDaisy/build\libdaisy.a(stm32h7xx_hal_qspi.o)
[...]
Memory Configuration

Name             Origin             Length             Attributes
FLASH            0x08000000         0x00020000         xr
DTCMRAM          0x20000000         0x00020000         xrw
SRAM             0x24000000         0x00080000         xrw
RAM_D2           0x30000000         0x00048000         xrw
RAM_D3           0x38000000         0x00010000         xrw
BACKUP_SRAM      0x38800000         0x00001000         xrw
ITCMRAM          0x00000000         0x00010000         xrw
SDRAM            0xc0000000         0x04000000         xrw
QSPIFLASH        0x90000000         0x00800000         xr
*default*        0x00000000         0xffffffff

Linker script and memory map

LOAD c:/program files/daisytoolchain/bin/../lib/gcc/arm-none-eabi/10.2.1/thumb/v7e-m+dp/hard/crti.o
LOAD c:/program files/daisytoolchain/bin/../lib/gcc/arm-none-eabi/10.2.1/thumb/v7e-m+dp/hard/crtbegin.o
LOAD c:/program files/daisytoolchain/bin/../lib/gcc/arm-none-eabi/10.2.1/../../../../arm-none-eabi/lib/thumb/v7e-m+dp/hard/crt0.o
LOAD build/startup_stm32h750xx.o
LOAD build/miku.o
LOAD lib/libDaisy/build\libdaisy.a
LOAD c:/program files/daisytoolchain/bin/../lib/gcc/arm-none-eabi/10.2.1/../../../../arm-none-eabi/lib/thumb/v7e-m+dp/hard\libnosys.a
LOAD lib/DaisySP/build\libdaisysp.a
LOAD c:/program files/daisytoolchain/bin/../lib/gcc/arm-none-eabi/10.2.1/../../../../arm-none-eabi/lib/thumb/v7e-m+dp/hard\libstdc++_nano.a
LOAD c:/program files/daisytoolchain/bin/../lib/gcc/arm-none-eabi/10.2.1/../../../../arm-none-eabi/lib/thumb/v7e-m+dp/hard\libm.a
LOAD c:/program files/daisytoolchain/bin/../lib/gcc/arm-none-eabi/10.2.1/../../../../arm-none-eabi/lib/thumb/v7e-m+dp/hard\libc_nano.a
START GROUP
LOAD c:/program files/daisytoolchain/bin/../lib/gcc/arm-none-eabi/10.2.1/thumb/v7e-m+dp/hard\libgcc.a
LOAD c:/program files/daisytoolchain/bin/../lib/gcc/arm-none-eabi/10.2.1/../../../../arm-none-eabi/lib/thumb/v7e-m+dp/hard\libc_nano.a
END GROUP
START GROUP
LOAD c:/program files/daisytoolchain/bin/../lib/gcc/arm-none-eabi/10.2.1/thumb/v7e-m+dp/hard\libgcc.a
LOAD c:/program files/daisytoolchain/bin/../lib/gcc/arm-none-eabi/10.2.1/../../../../arm-none-eabi/lib/thumb/v7e-m+dp/hard\libc_nano.a
LOAD c:/program files/daisytoolchain/bin/../lib/gcc/arm-none-eabi/10.2.1/../../../../arm-none-eabi/lib/thumb/v7e-m+dp/hard\libnosys.a
END GROUP
START GROUP
LOAD c:/program files/daisytoolchain/bin/../lib/gcc/arm-none-eabi/10.2.1/thumb/v7e-m+dp/hard\libgcc.a
LOAD c:/program files/daisytoolchain/bin/../lib/gcc/arm-none-eabi/10.2.1/../../../../arm-none-eabi/lib/thumb/v7e-m+dp/hard\libc_nano.a
LOAD c:/program files/daisytoolchain/bin/../lib/gcc/arm-none-eabi/10.2.1/../../../../arm-none-eabi/lib/thumb/v7e-m+dp/hard\libnosys.a
END GROUP
LOAD c:/program files/daisytoolchain/bin/../lib/gcc/arm-none-eabi/10.2.1/thumb/v7e-m+dp/hard/crtend.o
LOAD c:/program files/daisytoolchain/bin/../lib/gcc/arm-none-eabi/10.2.1/thumb/v7e-m+dp/hard/crtn.o
                0x20020000                _estack = 0x20020000

.isr_vector     0x08000000      0x298
                0x08000000                . = ALIGN (0x4)
 *(.isr_vector)
 .isr_vector    0x08000000      0x298 build/startup_stm32h750xx.o
                0x08000000                g_pfnVectors
                0x08000298                . = ALIGN (0x4)

.text           0x080002a0    0x153c8
                0x080002a0                . = ALIGN (0x4)
                0x080002a0                _stext = .
 *(.text)
 .text          0x080002a0       0x40 c:/program files/daisytoolchain/bin/../lib/gcc/arm-none-eabi/10.2.1/thumb/v7e-m+dp/hard/crtbegin.o
 .text          0x080002e0       0xa0 c:/program files/daisytoolchain/bin/../lib/gcc/arm-none-eabi/10.2.1/../../../../arm-none-eabi/lib/thumb/v7e-m+dp/hard\libc_nano.a(lib_a-memchr.o)
                0x080002e0                memchr
 .text          0x08000380      0x378 c:/program files/daisytoolchain/bin/../lib/gcc/arm-none-eabi/10.2.1/thumb/v7e-m+dp/hard\libgcc.a(_arm_addsubdf3.o)
                0x08000380                __aeabi_drsub
                0x08000388                __aeabi_dsub
                0x08000388                __subdf3
                0x0800038c                __aeabi_dadd
                0x0800038c                __adddf3
                0x08000604                __floatunsidf
                0x08000604                __aeabi_ui2d
                0x08000624                __floatsidf
                0x08000624                __aeabi_i2d
                0x08000648                __aeabi_f2d
                0x08000648                __extendsfdf2
                0x0800068c                __floatundidf
                0x0800068c                __aeabi_ul2d
                0x0800069c                __floatdidf
                0x0800069c                __aeabi_l2d
 .text          0x080006f8       0x30 c:/program files/daisytoolchain/bin/../lib/gcc/arm-none-eabi/10.2.1/thumb/v7e-m+dp/hard\libgcc.a(_aeabi_uldivmod.o)
                0x080006f8                __aeabi_uldivmod
 .text          0x08000728      0x2d0 c:/program files/daisytoolchain/bin/../lib/gcc/arm-none-eabi/10.2.1/thumb/v7e-m+dp/hard\libgcc.a(_udivmoddi4.o)
                0x08000728                __udivmoddi4
 .text          0x080009f8        0x4 c:/program files/daisytoolchain/bin/../lib/gcc/arm-none-eabi/10.2.1/thumb/v7e-m+dp/hard\libgcc.a(_dvmd_tls.o)
                0x080009f8                __aeabi_idiv0
                0x080009f8                __aeabi_ldiv0
 *(.text*)
 .text.Default_Handler
                0x080009fc        0x4 build/startup_stm32h750xx.o
                0x080009fc                RTC_Alarm_IRQHandler
                0x080009fc                HASH_RNG_IRQHandler
                0x080009fc                EXTI2_IRQHandler
                0x080009fc                TIM8_CC_IRQHandler
                0x080009fc                HRTIM1_Master_IRQHandler
                0x080009fc                DebugMon_Handler
                0x080009fc                TIM1_CC_IRQHandler
                0x080009fc                BDMA_Channel6_IRQHandler
                0x080009fc                DMA2_Stream5_IRQHandler
                0x080009fc                HRTIM1_FLT_IRQHandler
                0x080009fc                JPEG_IRQHandler
                0x080009fc                BDMA_Channel1_IRQHandler
                0x080009fc                HRTIM1_TIMD_IRQHandler
                0x080009fc                TAMP_STAMP_IRQHandler
                0x080009fc                PendSV_Handler
                0x080009fc                NMI_Handler
                0x080009fc                EXTI3_IRQHandler
                0x080009fc                LPTIM4_IRQHandler
                0x080009fc                TIM8_TRG_COM_TIM14_IRQHandler
                0x080009fc                LPTIM2_IRQHandler
                0x080009fc                DFSDM1_FLT1_IRQHandler
                0x080009fc                DMAMUX2_OVR_IRQHandler
                0x080009fc                TIM8_UP_TIM13_IRQHandler
                0x080009fc                I2C3_ER_IRQHandler
                0x080009fc                DFSDM1_FLT2_IRQHandler
                0x080009fc                MDMA_IRQHandler
                0x080009fc                LPTIM3_IRQHandler
                0x080009fc                HSEM1_IRQHandler
                0x080009fc                EXTI0_IRQHandler
                0x080009fc                DMA1_Stream2_IRQHandler
                0x080009fc                FPU_IRQHandler
                0x080009fc                OTG_HS_WKUP_IRQHandler
                0x080009fc                FDCAN1_IT1_IRQHandler
                0x080009fc                UsageFault_Handler
                0x080009fc                LTDC_ER_IRQHandler
                0x080009fc                HRTIM1_TIME_IRQHandler
                0x080009fc                TIM6_DAC_IRQHandler
                0x080009fc                DCMI_IRQHandler
                0x080009fc                HRTIM1_TIMC_IRQHandler
                0x080009fc                SAI2_IRQHandler
                0x080009fc                DFSDM1_FLT3_IRQHandler
                0x080009fc                TIM17_IRQHandler
                0x080009fc                CRYP_IRQHandler
                0x080009fc                BDMA_Channel7_IRQHandler
                0x080009fc                LPTIM5_IRQHandler
                0x080009fc                ADC3_IRQHandler
                0x080009fc                DMA2_Stream0_IRQHandler
                0x080009fc                BDMA_Channel2_IRQHandler
                0x080009fc                DMAMUX1_OVR_IRQHandler
                0x080009fc                TIM16_IRQHandler
                0x080009fc                BDMA_Channel5_IRQHandler
                0x080009fc                RCC_IRQHandler
                0x080009fc                TIM8_BRK_TIM12_IRQHandler
                0x080009fc                TIM1_TRG_COM_IRQHandler
                0x080009fc                Default_Handler
                0x080009fc                ECC_IRQHandler
                0x080009fc                CEC_IRQHandler
                0x080009fc                EXTI15_10_IRQHandler
                0x080009fc                BDMA_Channel0_IRQHandler
                0x080009fc                ADC_IRQHandler
                0x080009fc                DMA1_Stream7_IRQHandler
                0x080009fc                HRTIM1_TIMA_IRQHandler
                0x080009fc                TIM7_IRQHandler
                0x080009fc                SDMMC1_IRQHandler
                0x080009fc                DMA2_Stream7_IRQHandler
                0x080009fc                TIM15_IRQHandler
                0x080009fc                PVD_AVD_IRQHandler
                0x080009fc                EXTI9_5_IRQHandler
                0x080009fc                RTC_WKUP_IRQHandler
                0x080009fc                LTDC_IRQHandler
                0x080009fc                SAI3_IRQHandler
                0x080009fc                ETH_WKUP_IRQHandler
                0x080009fc                SPDIF_RX_IRQHandler
                0x080009fc                MemManage_Handler
                0x080009fc                SVC_Handler
                0x080009fc                CRS_IRQHandler
                0x080009fc                EXTI4_IRQHandler
                0x080009fc                HRTIM1_TIMB_IRQHandler
                0x080009fc                FDCAN2_IT1_IRQHandler
                0x080009fc                ETH_IRQHandler
                0x080009fc                TIM1_UP_IRQHandler
                0x080009fc                BDMA_Channel4_IRQHandler
                0x080009fc                WWDG_IRQHandler
                0x080009fc                SPI6_IRQHandler
                0x080009fc                I2C4_EV_IRQHandler
                0x080009fc                MDIOS_IRQHandler
                0x080009fc                FDCAN2_IT0_IRQHandler
                0x080009fc                FDCAN1_IT0_IRQHandler
                0x080009fc                OTG_FS_WKUP_IRQHandler
                0x080009fc                DMA2D_IRQHandler
                0x080009fc                TIM1_BRK_IRQHandler
                0x080009fc                EXTI1_IRQHandler
                0x080009fc                SDMMC2_IRQHandler
                0x080009fc                BDMA_Channel3_IRQHandler
                0x080009fc                MDIOS_WKUP_IRQHandler
                0x080009fc                DFSDM1_FLT0_IRQHandler
                0x080009fc                SAI4_IRQHandler
                0x080009fc                I2C2_ER_IRQHandler
                0x080009fc                DMA2_Stream1_IRQHandler
                0x080009fc                FLASH_IRQHandler
                0x080009fc                BusFault_Handler
                0x080009fc                WAKEUP_PIN_IRQHandler
                0x080009fc                I2C1_ER_IRQHandler
                0x080009fc                FMC_IRQHandler
                0x080009fc                FDCAN_CAL_IRQHandler
                0x080009fc                SWPMI1_IRQHandler
                0x080009fc                COMP1_IRQHandler
                0x080009fc                LPTIM1_IRQHandler
                0x080009fc                I2C4_ER_IRQHandler
                0x080009fc                DMA2_Stream6_IRQHandler
                0x080009fc                SAI1_IRQHandler
 .text.Reset_Handler
                0x08000a00       0x44 build/startup_stm32h750xx.o
                0x08000a00                Reset_Handler
 .text._ZN5daisy9DaisySeedD2Ev
                0x08000a44        0x4 build/miku.o
                0x08000a44                daisy::DaisySeed::~DaisySeed()
                0x08000a44                daisy::DaisySeed::~DaisySeed()
 .text._ZN5daisy11OledDisplayINS_13SSD130xDriverILj128ELj64ENS_19SSD130xI2CTransportEEEE4FillEb
                0x08000a48       0x10 build/miku.o
                0x08000a48                daisy::OledDisplay<daisy::SSD130xDriver<128u, 64u, daisy::SSD130xI2CTransport> >::Fill(bool)
 .text._ZN5daisy4FIFOINS_9MidiEventELj128EED2Ev
                0x08000a58        0x4 build/miku.o
                0x08000a58                daisy::FIFO<daisy::MidiEvent, 128u>::~FIFO()
                0x08000a58                daisy::FIFO<daisy::MidiEvent, 128u>::~FIFO()
 .text._ZN5daisy11OledDisplayINS_13SSD130xDriverILj128ELj64ENS_19SSD130xI2CTransportEEEED2Ev
                0x08000a5c        0x4 build/miku.o
                0x08000a5c                daisy::OledDisplay<daisy::SSD130xDriver<128u, 64u, daisy::SSD130xI2CTransport> >::~OledDisplay()
                0x08000a5c                daisy::OledDisplay<daisy::SSD130xDriver<128u, 64u, daisy::SSD130xI2CTransport> >::~OledDisplay()
 .text._ZNK5daisy11OledDisplayINS_13SSD130xDriverILj128ELj64ENS_19SSD130xI2CTransportEEEE6HeightEv
                0x08000a60        0x4 build/miku.o
                0x08000a60                daisy::OledDisplay<daisy::SSD130xDriver<128u, 64u, daisy::SSD130xI2CTransport> >::Height() const
 .text._ZNK5daisy11OledDisplayINS_13SSD130xDriverILj128ELj64ENS_19SSD130xI2CTransportEEEE5WidthEv
                0x08000a64        0x4 build/miku.o
                0x08000a64                daisy::OledDisplay<daisy::SSD130xDriver<128u, 64u, daisy::SSD130xI2CTransport> >::Width() const
 .text._ZN5daisy11MidiHandlerINS_17MidiUartTransportEED2Ev
                0x08000a68        0x4 build/miku.o
                0x08000a68                daisy::MidiHandler<daisy::MidiUartTransport>::~MidiHandler()
                0x08000a68                daisy::MidiHandler<daisy::MidiUartTransport>::~MidiHandler()
 .text._ZN5daisy11OledDisplayINS_13SSD130xDriverILj128ELj64ENS_19SSD130xI2CTransportEEEED0Ev
                0x08000a6c       0x10 build/miku.o
                0x08000a6c                daisy::OledDisplay<daisy::SSD130xDriver<128u, 64u, daisy::SSD130xI2CTransport> >::~OledDisplay()
 .text._ZN5daisy17MidiUartTransport10rxCallbackEPhjPvNS_11UartHandler6ResultE
                0x08000a7c        0xc build/miku.o
                0x08000a7c                daisy::MidiUartTransport::rxCallback(unsigned char*, unsigned int, void*, daisy::UartHandler::Result)
 .text._ZN5daisy11MidiHandlerINS_17MidiUartTransportEE13ParseCallbackEPhjPv
                0x08000a88       0x74 build/miku.o
                0x08000a88                daisy::MidiHandler<daisy::MidiUartTransport>::ParseCallback(unsigned char*, unsigned int, void*)
 .text._ZN5daisy25OneBitGraphicsDisplayImplINS_11OledDisplayINS_13SSD130xDriverILj128ELj64ENS_19SSD130xI2CTransportEEEEEE9WriteCharEc7FontDefb
                0x08000afc      0x1a0 build/miku.o
                0x08000afc                daisy::OneBitGraphicsDisplayImpl<daisy::OledDisplay<daisy::SSD130xDriver<128u, 64u, daisy::SSD130xI2CTransport> > >::WriteChar(char, FontDef, bool)
 .text._ZN5daisy11OledDisplayINS_13SSD130xDriverILj128ELj64ENS_19SSD130xI2CTransportEEEE6UpdateEv
                0x08000c9c       0xac build/miku.o
                0x08000c9c                daisy::OledDisplay<daisy::SSD130xDriver<128u, 64u, daisy::SSD130xI2CTransport> >::Update()
 .text._ZN5daisy11OledDisplayINS_13SSD130xDriverILj128ELj64ENS_19SSD130xI2CTransportEEEE9DrawPixelEjjb
                0x08000d48       0x44 build/miku.o
                0x08000d48                daisy::OledDisplay<daisy::SSD130xDriver<128u, 64u, daisy::SSD130xI2CTransport> >::DrawPixel(unsigned int, unsigned int, bool)
 .text._ZN5daisy25OneBitGraphicsDisplayImplINS_11OledDisplayINS_13SSD130xDriverILj128ELj64ENS_19SSD130xI2CTransportEEEEEE11WriteStringEPKc7FontDefb
                0x08000d8c      0x1c0 build/miku.o
                0x08000d8c                daisy::OneBitGraphicsDisplayImpl<daisy::OledDisplay<daisy::SSD130xDriver<128u, 64u, daisy::SSD130xI2CTransport> > >::WriteString(char const*, FontDef, bool)
 .text._ZN5daisy25OneBitGraphicsDisplayImplINS_11OledDisplayINS_13SSD130xDriverILj128ELj64ENS_19SSD130xI2CTransportEEEEEE8DrawLineEjjjjb
                0x08000f4c       0xfc build/miku.o
                0x08000f4c                daisy::OneBitGraphicsDisplayImpl<daisy::OledDisplay<daisy::SSD130xDriver<128u, 64u, daisy::SSD130xI2CTransport> > >::DrawLine(unsigned int, unsigned int, unsigned int, unsigned int, bool)
 .text._ZN5daisy25OneBitGraphicsDisplayImplINS_11OledDisplayINS_13SSD130xDriverILj128ELj64ENS_19SSD130xI2CTransportEEEEEE7DrawArcEjjjiib
                0x08001048      0x478 build/miku.o
                0x08001048                daisy::OneBitGraphicsDisplayImpl<daisy::OledDisplay<daisy::SSD130xDriver<128u, 64u, daisy::SSD130xI2CTransport> > >::DrawArc(unsigned int, unsigned int, unsigned int, int, int, bool)
 .text._ZN5daisy25OneBitGraphicsDisplayImplINS_11OledDisplayINS_13SSD130xDriverILj128ELj64ENS_19SSD130xI2CTransportEEEEEE18WriteStringAlignedEPKcRK7FontDefNS_9RectangleENS_9AlignmentEb
                0x080014c0      0x3f0 build/miku.o
                0x080014c0                daisy::OneBitGraphicsDisplayImpl<daisy::OledDisplay<daisy::SSD130xDriver<128u, 64u, daisy::SSD130xI2CTransport> > >::WriteStringAligned(char const*, FontDef const&, daisy::Rectangle, daisy::Alignment, bool)
 .text._ZN5daisy25OneBitGraphicsDisplayImplINS_11OledDisplayINS_13SSD130xDriverILj128ELj64ENS_19SSD130xI2CTransportEEEEEE8DrawRectEjjjjbb
                0x080018b0      0x418 build/miku.o
                0x080018b0                daisy::OneBitGraphicsDisplayImpl<daisy::OledDisplay<daisy::SSD130xDriver<128u, 64u, daisy::SSD130xI2CTransport> > >::DrawRect(unsigned int, unsigned int, unsigned int, unsigned int, bool, bool)
 .text._Z19GetMidiTypeAsStringRN5daisy9MidiEventEPc
                0x08001cc8       0xd0 build/miku.o
                0x08001cc8                GetMidiTypeAsString(daisy::MidiEvent&, char*)
 .text._Z11draw_bitmapPA64_Kb
                0x08001d98       0xfc build/miku.o
                0x08001d98                draw_bitmap(bool const (*) [64])
 .text._Z11draw_stringiiPKc
                0x08001e94      0x134 build/miku.o
                0x08001e94                draw_string(int, int, char const*)
 .text._Z11draw_splashv
                0x08001fc8      0x100 build/miku.o
                0x08001fc8                draw_splash()
 .text._ZN5daisy13SSD130xDriverILj128ELj64ENS_19SSD130xI2CTransportEE6UpdateEv
                0x080020c8       0xa8 build/miku.o
                0x080020c8                daisy::SSD130xDriver<128u, 64u, daisy::SSD130xI2CTransport>::Update()
 .text._ZN5daisy13SSD130xDriverILj128ELj64ENS_19SSD130xI2CTransportEE4InitENS2_6ConfigE
                0x08002170      0x250 build/miku.o
                0x08002170                daisy::SSD130xDriver<128u, 64u, daisy::SSD130xI2CTransport>::Init(daisy::SSD130xDriver<128u, 64u, daisy::SSD130xI2CTransport>::Config)
 .text.startup.main
                0x080023c0      0x430 build/miku.o
                0x080023c0                main
 .text.startup._GLOBAL__sub_I_hw
                0x080027f0       0xa4 build/miku.o
 .text._ZN5daisy9DaisySeed9ConfigureEv
                0x08002894        0x4 lib/libDaisy/build\libdaisy.a(daisy_seed.o)
                0x08002894                daisy::DaisySeed::Configure()
 .text._ZN5daisy9DaisySeed6GetPinEh
                0x08002898       0x2c lib/libDaisy/build\libdaisy.a(daisy_seed.o)
                0x08002898                daisy::DaisySeed::GetPin(unsigned char)
 .text._ZN5daisy9DaisySeed6SetLedEb
                0x080028c4        0x8 lib/libDaisy/build\libdaisy.a(daisy_seed.o)
                0x080028c4                daisy::DaisySeed::SetLed(bool)
 .text._ZN5daisy9DaisySeed17CheckBoardVersionEv
                0x080028cc       0x6c lib/libDaisy/build\libdaisy.a(daisy_seed.o)
                0x080028cc                daisy::DaisySeed::CheckBoardVersion()
 .text._ZN5daisy9DaisySeed14ConfigureAudioEv
                0x08002938      0x10c lib/libDaisy/build\libdaisy.a(daisy_seed.o)
                0x08002938                daisy::DaisySeed::ConfigureAudio()
 .text._ZN5daisy9DaisySeed4InitEb
                0x08002a44      0x108 lib/libDaisy/build\libdaisy.a(daisy_seed.o)
                0x08002a44                daisy::DaisySeed::Init(bool)
 .text._ZN5daisy6Ak45564InitE12dsy_gpio_pin
                0x08002b4c       0x44 lib/libDaisy/build\libdaisy.a(codec_ak4556.o)
                0x08002b4c                daisy::Ak4556::Init(dsy_gpio_pin)
 .text._ZN5daisy6Wm873120WriteControlRegisterEht
                0x08002b90       0x3c lib/libDaisy/build\libdaisy.a(codec_wm8731.o)
                0x08002b90                daisy::Wm8731::WriteControlRegister(unsigned char, unsigned short)
 .text._ZN5daisy6Wm87314InitERKNS0_6ConfigENS_9I2CHandleE
                0x08002bcc      0x1bc lib/libDaisy/build\libdaisy.a(codec_wm8731.o)
                0x08002bcc                daisy::Wm8731::Init(daisy::Wm8731::Config const&, daisy::I2CHandle)
 .text._ZN11SdramHandle10DeviceInitEv
                0x08002d88       0x98 lib/libDaisy/build\libdaisy.a(sdram.o)
                0x08002d88                SdramHandle::DeviceInit()
 .text._ZN11SdramHandle4InitEv
                0x08002e20       0x7c lib/libDaisy/build\libdaisy.a(sdram.o)
                0x08002e20                SdramHandle::Init()
 .text.HAL_SDRAM_MspInit
                0x08002e9c      0x1a8 lib/libDaisy/build\libdaisy.a(sdram.o)
                0x08002e9c                HAL_SDRAM_MspInit
 .text._ZN5daisy11AudioHandle4InitERKNS0_6ConfigENS_9SaiHandleE
                0x08003044       0x70 lib/libDaisy/build\libdaisy.a(audio.o)
                0x08003044                daisy::AudioHandle::Init(daisy::AudioHandle::Config const&, daisy::SaiHandle)
 .text._ZNK5daisy11AudioHandle9GetConfigEv
                0x080030b4        0x8 lib/libDaisy/build\libdaisy.a(audio.o)
                0x080030b4                daisy::AudioHandle::GetConfig() const
 .text._ZN5daisy11AudioHandle13GetSampleRateEv
                0x080030bc        0x8 lib/libDaisy/build\libdaisy.a(audio.o)
                0x080030bc                daisy::AudioHandle::GetSampleRate()
 .text.startup._GLOBAL__sub_I__ZN5daisy11AudioHandle4Impl4InitENS0_6ConfigENS_9SaiHandleE
                0x080030c4       0x24 lib/libDaisy/build\libdaisy.a(audio.o)
 .text._ZN5daisy9UsbHandleD2Ev
                0x080030e8        0x4 lib/libDaisy/build\libdaisy.a(logger.o)
                0x080030e8                daisy::UsbHandle::~UsbHandle()
                0x080030e8                daisy::UsbHandle::~UsbHandle()
 .text._ZN5daisy6LoggerILNS_17LoggerDestinationE1EE11TransmitBufEv
                0x080030ec       0x60 lib/libDaisy/build\libdaisy.a(logger.o)
                0x080030ec                daisy::Logger<(daisy::LoggerDestination)1>::TransmitBuf()
 .text._ZN5daisy6LoggerILNS_17LoggerDestinationE1EE13AppendNewLineEv
                0x0800314c       0x60 lib/libDaisy/build\libdaisy.a(logger.o)
                0x0800314c                daisy::Logger<(daisy::LoggerDestination)1>::AppendNewLine()
 .text._ZN5daisy6LoggerILNS_17LoggerDestinationE1EE10PrintLineVEPKcSt9__va_list
                0x080031ac       0x30 lib/libDaisy/build\libdaisy.a(logger.o)
                0x080031ac                daisy::Logger<(daisy::LoggerDestination)1>::PrintLineV(char const*, std::__va_list)
 .text._ZN5daisy6LoggerILNS_17LoggerDestinationE1EE9PrintLineEPKcz
                0x080031dc       0x1c lib/libDaisy/build\libdaisy.a(logger.o)
                0x080031dc                daisy::Logger<(daisy::LoggerDestination)1>::PrintLine(char const*, ...)
 .text._ZN5daisy6LoggerILNS_17LoggerDestinationE1EE8StartLogEb
                0x080031f8       0x40 lib/libDaisy/build\libdaisy.a(logger.o)
                0x080031f8                daisy::Logger<(daisy::LoggerDestination)1>::StartLog(bool)
 .text.startup._GLOBAL__sub_I__ZN5daisy10LoggerImplILNS_17LoggerDestinationE1EE11usb_handle_E
                0x08003238       0x2c lib/libDaisy/build\libdaisy.a(logger.o)
 .text._ZN5daisy17MidiUartTransport6ConfigC2Ev
                0x08003264       0x28 lib/libDaisy/build\libdaisy.a(midi.o)
                0x08003264                daisy::MidiUartTransport::Config::Config()
                0x08003264                daisy::MidiUartTransport::Config::Config()
 .text._ZN5daisy10MidiParser5ParseEhPNS_9MidiEventE
                0x0800328c      0x170 lib/libDaisy/build\libdaisy.a(midi_parser.o)
                0x0800328c                daisy::MidiParser::Parse(unsigned char, daisy::MidiEvent*)
 .text._ZN5daisy10MidiParser5ResetEv
                0x080033fc        0xc lib/libDaisy/build\libdaisy.a(midi_parser.o)
                0x080033fc                daisy::MidiParser::Reset()
 .text.DummyRxCallback
                0x08003408        0x4 lib/libDaisy/build\libdaisy.a(usb.o)
                0x08003408                DummyRxCallback
 .text._ZN5daisy9UsbHandle4InitENS0_9UsbPeriphE
                0x0800340c      0x10c lib/libDaisy/build\libdaisy.a(usb.o)
                0x0800340c                daisy::UsbHandle::Init(daisy::UsbHandle::UsbPeriph)
 .text._ZN5daisy9UsbHandle16TransmitInternalEPhj
                0x08003518       0x14 lib/libDaisy/build\libdaisy.a(usb.o)
                0x08003518                daisy::UsbHandle::TransmitInternal(unsigned char*, unsigned int)
 .text.OTG_FS_EP1_OUT_IRQHandler
                0x0800352c        0xc lib/libDaisy/build\libdaisy.a(usb.o)
                0x0800352c                OTG_FS_EP1_OUT_IRQHandler
 .text.OTG_FS_EP1_IN_IRQHandler
                0x08003538        0xc lib/libDaisy/build\libdaisy.a(usb.o)
                0x08003538                OTG_FS_EP1_IN_IRQHandler
 .text.OTG_FS_IRQHandler
                0x08003544        0xc lib/libDaisy/build\libdaisy.a(usb.o)
                0x08003544                OTG_FS_IRQHandler
 .text._ZN5daisy4GPIO4InitENS_3PinENS0_4ModeENS0_4PullENS0_5SpeedE
                0x08003550      0x1cc lib/libDaisy/build\libdaisy.a(gpio.o)
                0x08003550                daisy::GPIO::Init(daisy::Pin, daisy::GPIO::Mode, daisy::GPIO::Pull, daisy::GPIO::Speed)
 .text._ZN5daisy4GPIO4ReadEv
                0x0800371c       0x18 lib/libDaisy/build\libdaisy.a(gpio.o)
                0x0800371c                daisy::GPIO::Read()
 .text._ZN5daisy4GPIO5WriteEb
                0x08003734       0x14 lib/libDaisy/build\libdaisy.a(gpio.o)
                0x08003734                daisy::GPIO::Write(bool)
 .text.dsy_gpio_init
                0x08003748      0x1b8 lib/libDaisy/build\libdaisy.a(gpio.o)
                0x08003748                dsy_gpio_init
 .text.dsy_gpio_write
                0x08003900       0x24 lib/libDaisy/build\libdaisy.a(gpio.o)
                0x08003900                dsy_gpio_write
 .text._ZN5daisy9I2CHandle4Impl8InitPinsEv
                0x08003924       0x58 lib/libDaisy/build\libdaisy.a(i2c.o)
                0x08003924                daisy::I2CHandle::Impl::InitPins()
 .text.HAL_I2C_MspInit
                0x0800397c      0x1b4 lib/libDaisy/build\libdaisy.a(i2c.o)
                0x0800397c                HAL_I2C_MspInit
 .text.dsy_i2c_global_init
                0x08003b30       0x78 lib/libDaisy/build\libdaisy.a(i2c.o)
                0x08003b30                dsy_i2c_global_init
 .text.DMA1_Stream6_IRQHandler
                0x08003ba8       0x34 lib/libDaisy/build\libdaisy.a(i2c.o)
                0x08003ba8                DMA1_Stream6_IRQHandler
 .text.I2C1_EV_IRQHandler
                0x08003bdc        0xc lib/libDaisy/build\libdaisy.a(i2c.o)
                0x08003bdc                I2C1_EV_IRQHandler
 .text.I2C2_EV_IRQHandler
                0x08003be8        0xc lib/libDaisy/build\libdaisy.a(i2c.o)
                0x08003be8                I2C2_EV_IRQHandler
 .text.I2C3_EV_IRQHandler
                0x08003bf4        0xc lib/libDaisy/build\libdaisy.a(i2c.o)
                0x08003bf4                I2C3_EV_IRQHandler
 .text._ZN5daisy9I2CHandle4InitERKNS0_6ConfigE
                0x08003c00      0x12c lib/libDaisy/build\libdaisy.a(i2c.o)
                0x08003c00                daisy::I2CHandle::Init(daisy::I2CHandle::Config const&)
 .text._ZN5daisy9I2CHandle16TransmitBlockingEtPhtm
                0x08003d2c       0x50 lib/libDaisy/build\libdaisy.a(i2c.o)
                0x08003d2c                daisy::I2CHandle::TransmitBlocking(unsigned short, unsigned char*, unsigned short, unsigned long)
 .text.startup._GLOBAL__sub_I__ZN5daisy9I2CHandle4Impl10GlobalInitEv
                0x08003d7c       0x18 lib/libDaisy/build\libdaisy.a(i2c.o)
 .text._ZN5daisy10QSPIHandle4Impl11WriteEnableEv
                0x08003d94       0x8c lib/libDaisy/build\libdaisy.a(qspi.o)
                0x08003d94                daisy::QSPIHandle::Impl::WriteEnable()
 .text._ZN5daisy10QSPIHandle4Impl17DummyCyclesConfigENS0_6Config6DeviceE
                0x08003e20      0x118 lib/libDaisy/build\libdaisy.a(qspi.o)
                0x08003e20                daisy::QSPIHandle::Impl::DummyCyclesConfig(daisy::QSPIHandle::Config::Device)
 .text._ZN5daisy10QSPIHandle4Impl10QuadEnableEv
                0x08003f38      0x158 lib/libDaisy/build\libdaisy.a(qspi.o)
                0x08003f38                daisy::QSPIHandle::Impl::QuadEnable()
 .text._ZN5daisy10QSPIHandle4InitERKNS0_6ConfigE
                0x08004090      0x198 lib/libDaisy/build\libdaisy.a(qspi.o)
                0x08004090                daisy::QSPIHandle::Init(daisy::QSPIHandle::Config const&)
 .text.HAL_QSPI_MspInit
                0x08004228      0x11c lib/libDaisy/build\libdaisy.a(qspi.o)
                0x08004228                HAL_QSPI_MspInit
 .text.HAL_QSPI_MspDeInit
                0x08004344       0x54 lib/libDaisy/build\libdaisy.a(qspi.o)
                0x08004344                HAL_QSPI_MspDeInit
 .text.QUADSPI_IRQHandler
                0x08004398        0xc lib/libDaisy/build\libdaisy.a(qspi.o)
                0x08004398                QUADSPI_IRQHandler
 .text.startup._GLOBAL__sub_I__ZN5daisy10QSPIHandle4Impl4InitERKNS0_6ConfigE
                0x080043a4       0x28 lib/libDaisy/build\libdaisy.a(qspi.o)
 .text._ZN5daisy9SaiHandle4Impl7InitDmaENS1_15PeripheralBlockE
                0x080043cc       0xa0 lib/libDaisy/build\libdaisy.a(sai.o)
                0x080043cc                daisy::SaiHandle::Impl::InitDma(daisy::SaiHandle::Impl::PeripheralBlock)
 .text._ZN5daisy9SaiHandle4Impl8InitPinsEv
                0x0800446c       0xa8 lib/libDaisy/build\libdaisy.a(sai.o)
                0x0800446c                daisy::SaiHandle::Impl::InitPins()
 .text.HAL_SAI_MspInit
                0x08004514      0x164 lib/libDaisy/build\libdaisy.a(sai.o)
                0x08004514                HAL_SAI_MspInit
 .text.DMA1_Stream0_IRQHandler
                0x08004678        0xc lib/libDaisy/build\libdaisy.a(sai.o)
                0x08004678                DMA1_Stream0_IRQHandler
 .text.DMA1_Stream1_IRQHandler
                0x08004684        0xc lib/libDaisy/build\libdaisy.a(sai.o)
                0x08004684                DMA1_Stream1_IRQHandler
 .text.DMA1_Stream3_IRQHandler
                0x08004690        0xc lib/libDaisy/build\libdaisy.a(sai.o)
                0x08004690                DMA1_Stream3_IRQHandler
 .text.DMA1_Stream4_IRQHandler
                0x0800469c        0xc lib/libDaisy/build\libdaisy.a(sai.o)
                0x0800469c                DMA1_Stream4_IRQHandler
 .text._ZN5daisy9SaiHandle4InitERKNS0_6ConfigE
                0x080046a8      0x1f0 lib/libDaisy/build\libdaisy.a(sai.o)
                0x080046a8                daisy::SaiHandle::Init(daisy::SaiHandle::Config const&)
 .text._ZNK5daisy9SaiHandle9GetConfigEv
                0x08004898        0x4 lib/libDaisy/build\libdaisy.a(sai.o)
                0x08004898                daisy::SaiHandle::GetConfig() const
 .text._ZN5daisy9SaiHandle13GetSampleRateEv
                0x0800489c       0x24 lib/libDaisy/build\libdaisy.a(sai.o)
                0x0800489c                daisy::SaiHandle::GetSampleRate()
 .text._ZL20UART_CheckRxListenerPN5daisy11UartHandler4ImplE
                0x080048c0       0x84 lib/libDaisy/build\libdaisy.a(uart.o)
 .text._ZN5daisy11UartHandler4Impl10StartDmaTxEPhjPFvPvEPFvS3_NS0_6ResultEES3_
                0x08004944      0x184 lib/libDaisy/build\libdaisy.a(uart.o)
                0x08004944                daisy::UartHandler::Impl::StartDmaTx(unsigned char*, unsigned int, void (*)(void*), void (*)(void*, daisy::UartHandler::Result), void*)
 .text._ZN5daisy11UartHandler4Impl10StartDmaRxEPhjPFvPvEPFvS3_NS0_6ResultEES3_
                0x08004ac8      0x184 lib/libDaisy/build\libdaisy.a(uart.o)
                0x08004ac8                daisy::UartHandler::Impl::StartDmaRx(unsigned char*, unsigned int, void (*)(void*), void (*)(void*, daisy::UartHandler::Result), void*)
 .text._ZN5daisy11UartHandler4Impl19DmaTransferFinishedEP20__UART_HandleTypeDefNS0_6ResultE
                0x08004c4c       0xc0 lib/libDaisy/build\libdaisy.a(uart.o)
                0x08004c4c                daisy::UartHandler::Impl::DmaTransferFinished(__UART_HandleTypeDef*, daisy::UartHandler::Result)
 .text._ZN5daisy11UartHandler4Impl8InitPinsEv
                0x08004d0c      0x154 lib/libDaisy/build\libdaisy.a(uart.o)
                0x08004d0c                daisy::UartHandler::Impl::InitPins()
 .text.HAL_UART_MspInit
                0x08004e60      0x210 lib/libDaisy/build\libdaisy.a(uart.o)
                0x08004e60                HAL_UART_MspInit
 .text.dsy_uart_global_init
                0x08005070      0x110 lib/libDaisy/build\libdaisy.a(uart.o)
                0x08005070                dsy_uart_global_init
 .text.USART1_IRQHandler
                0x08005180       0x2c lib/libDaisy/build\libdaisy.a(uart.o)
                0x08005180                USART1_IRQHandler
 .text.USART2_IRQHandler
                0x080051ac       0x34 lib/libDaisy/build\libdaisy.a(uart.o)
                0x080051ac                USART2_IRQHandler
 .text.USART3_IRQHandler
                0x080051e0       0x34 lib/libDaisy/build\libdaisy.a(uart.o)
                0x080051e0                USART3_IRQHandler
 .text.UART4_IRQHandler
                0x08005214       0x34 lib/libDaisy/build\libdaisy.a(uart.o)
                0x08005214                UART4_IRQHandler
 .text.UART5_IRQHandler
                0x08005248       0x34 lib/libDaisy/build\libdaisy.a(uart.o)
                0x08005248                UART5_IRQHandler
 .text.USART6_IRQHandler
                0x0800527c       0x34 lib/libDaisy/build\libdaisy.a(uart.o)
                0x0800527c                USART6_IRQHandler
 .text.UART7_IRQHandler
                0x080052b0       0x34 lib/libDaisy/build\libdaisy.a(uart.o)
                0x080052b0                UART7_IRQHandler
 .text.UART8_IRQHandler
                0x080052e4       0x34 lib/libDaisy/build\libdaisy.a(uart.o)
                0x080052e4                UART8_IRQHandler
 .text.LPUART1_IRQHandler
                0x08005318       0x34 lib/libDaisy/build\libdaisy.a(uart.o)
                0x08005318                LPUART1_IRQHandler
 .text.DMA1_Stream5_IRQHandler
                0x0800534c       0x34 lib/libDaisy/build\libdaisy.a(uart.o)
                0x0800534c                DMA1_Stream5_IRQHandler
 .text.DMA2_Stream4_IRQHandler
                0x08005380       0x38 lib/libDaisy/build\libdaisy.a(uart.o)
                0x08005380                DMA2_Stream4_IRQHandler
 .text.HAL_UART_TxCpltCallback
                0x080053b8        0x8 lib/libDaisy/build\libdaisy.a(uart.o)
                0x080053b8                HAL_UART_TxCpltCallback
 .text.HAL_UART_RxCpltCallback
                0x080053c0       0x94 lib/libDaisy/build\libdaisy.a(uart.o)
                0x080053c0                HAL_UART_RxCpltCallback
 .text.HAL_UART_RxHalfCpltCallback
                0x08005454       0x90 lib/libDaisy/build\libdaisy.a(uart.o)
                0x08005454                HAL_UART_RxHalfCpltCallback
 .text.HAL_UART_ErrorCallback
                0x080054e4        0x8 lib/libDaisy/build\libdaisy.a(uart.o)
                0x080054e4                HAL_UART_ErrorCallback
 .text._ZN5daisy11UartHandler4InitERKNS0_6ConfigE
                0x080054ec       0xd4 lib/libDaisy/build\libdaisy.a(uart.o)
                0x080054ec                daisy::UartHandler::Init(daisy::UartHandler::Config const&)
 .text._ZN5daisy11UartHandler14DmaListenStartEPhjPFvS1_jPvNS0_6ResultEES2_
                0x080055c0      0x114 lib/libDaisy/build\libdaisy.a(uart.o)
                0x080055c0                daisy::UartHandler::DmaListenStart(unsigned char*, unsigned int, void (*)(unsigned char*, unsigned int, void*, daisy::UartHandler::Result), void*)
 .text._ZNK5daisy11UartHandler11IsListeningEv
                0x080056d4        0x8 lib/libDaisy/build\libdaisy.a(uart.o)
                0x080056d4                daisy::UartHandler::IsListening() const
 .text._ZN5daisy11UartHandler6PollTxEPhj
                0x080056dc       0x18 lib/libDaisy/build\libdaisy.a(uart.o)
                0x080056dc                daisy::UartHandler::PollTx(unsigned char*, unsigned int)
 .text.startup._GLOBAL__sub_I__Z19MapInstanceToHandleP13USART_TypeDef
                0x080056f4      0x194 lib/libDaisy/build\libdaisy.a(uart.o)
 .text.dsy_dma_init
                0x08005888      0x100 lib/libDaisy/build\libdaisy.a(dma.o)
                0x08005888                dsy_dma_init
 .text.dsy_dma_clear_cache_for_buffer
                0x08005988       0x2c lib/libDaisy/build\libdaisy.a(dma.o)
                0x08005988                dsy_dma_clear_cache_for_buffer
 .text.dsy_dma_invalidate_cache_for_buffer
                0x080059b4       0x2c lib/libDaisy/build\libdaisy.a(dma.o)
                0x080059b4                dsy_dma_invalidate_cache_for_buffer
 .text._ZN5daisy11TimerHandleD2Ev
                0x080059e0        0x4 lib/libDaisy/build\libdaisy.a(system.o)
                0x080059e0                daisy::TimerHandle::~TimerHandle()
                0x080059e0                daisy::TimerHandle::~TimerHandle()
 .text.SysTick_Handler
                0x080059e4       0x10 lib/libDaisy/build\libdaisy.a(system.o)
                0x080059e4                SysTick_Handler
 .text.OTG_HS_EP1_OUT_IRQHandler
                0x080059f4       0x24 lib/libDaisy/build\libdaisy.a(system.o)
                0x080059f4                OTG_HS_EP1_OUT_IRQHandler
 .text.OTG_HS_EP1_IN_IRQHandler
                0x08005a18       0x24 lib/libDaisy/build\libdaisy.a(system.o)
                0x08005a18                OTG_HS_EP1_IN_IRQHandler
 .text.OTG_HS_IRQHandler
                0x08005a3c       0x24 lib/libDaisy/build\libdaisy.a(system.o)
                0x08005a3c                OTG_HS_IRQHandler
 .text.HardFault_Handler
                0x08005a60       0xe0 lib/libDaisy/build\libdaisy.a(system.o)
                0x08005a60                HardFault_Handler
 .text._ZN5daisy6System6GetNowEv
                0x08005b40        0x4 lib/libDaisy/build\libdaisy.a(system.o)
                0x08005b40                daisy::System::GetNow()
 .text._ZN5daisy6System5DelayEm
                0x08005b44        0x4 lib/libDaisy/build\libdaisy.a(system.o)
                0x08005b44                daisy::System::Delay(unsigned long)
 .text._ZN5daisy6System20GetBootloaderVersionEv
                0x08005b48       0x34 lib/libDaisy/build\libdaisy.a(system.o)
                0x08005b48                daisy::System::GetBootloaderVersion()
 .text._ZN5daisy6System15ConfigureClocksEv
                0x08005b7c      0x194 lib/libDaisy/build\libdaisy.a(system.o)
                0x08005b7c                daisy::System::ConfigureClocks()
 .text._ZN5daisy6System12ConfigureMpuEv
                0x08005d10       0x7c lib/libDaisy/build\libdaisy.a(system.o)
                0x08005d10                daisy::System::ConfigureMpu()
 .text._ZN5daisy6System4InitERKNS0_6ConfigE
                0x08005d8c       0xec lib/libDaisy/build\libdaisy.a(system.o)
                0x08005d8c                daisy::System::Init(daisy::System::Config const&)
 .text._ZN5daisy6System12GetPClk1FreqEv
                0x08005e78        0x4 lib/libDaisy/build\libdaisy.a(system.o)
                0x08005e78                daisy::System::GetPClk1Freq()
 .text._ZN5daisy6System22GetProgramMemoryRegionEv
                0x08005e7c       0x78 lib/libDaisy/build\libdaisy.a(system.o)
                0x08005e7c                daisy::System::GetProgramMemoryRegion()
 .text.startup._GLOBAL__sub_I__ZN5daisy9boot_infoE
                0x08005ef4       0x1c lib/libDaisy/build\libdaisy.a(system.o)
 .text.SystemInit
                0x08005f10       0x9c lib/libDaisy/build\libdaisy.a(system_stm32h7xx.o)
                0x08005f10                SystemInit
 .text.dummy_rx_callback
                0x08005fac        0x4 lib/libDaisy/build\libdaisy.a(usbd_cdc_if.o)
                0x08005fac                dummy_rx_callback
 .text.CDC_DeInit_FS
                0x08005fb0        0x4 lib/libDaisy/build\libdaisy.a(usbd_cdc_if.o)
 .text.CDC_Receive_FS
                0x08005fb4       0x2c lib/libDaisy/build\libdaisy.a(usbd_cdc_if.o)
 .text.CDC_Receive_HS
                0x08005fe0       0x2c lib/libDaisy/build\libdaisy.a(usbd_cdc_if.o)
 .text.CDC_Init_FS
                0x0800600c       0x3c lib/libDaisy/build\libdaisy.a(usbd_cdc_if.o)
 .text.CDC_Init_HS
                0x08006048       0x3c lib/libDaisy/build\libdaisy.a(usbd_cdc_if.o)
 .text.CDC_Control_FS
                0x08006084       0x34 lib/libDaisy/build\libdaisy.a(usbd_cdc_if.o)
 .text.CDC_Control_HS
                0x080060b8       0x34 lib/libDaisy/build\libdaisy.a(usbd_cdc_if.o)
 .text.CDC_DeInit_HS
                0x080060ec        0x4 lib/libDaisy/build\libdaisy.a(usbd_cdc_if.o)
 .text.CDC_Transmit_FS
                0x080060f0       0x2c lib/libDaisy/build\libdaisy.a(usbd_cdc_if.o)
                0x080060f0                CDC_Transmit_FS
 .text.HAL_PCD_MspInit
                0x0800611c      0x144 lib/libDaisy/build\libdaisy.a(usbd_conf.o)
                0x0800611c                HAL_PCD_MspInit
 .text.HAL_PCD_SetupStageCallback
                0x08006260        0xc lib/libDaisy/build\libdaisy.a(usbd_conf.o)
                0x08006260                HAL_PCD_SetupStageCallback
 .text.HAL_PCD_DataOutStageCallback
                0x0800626c       0x14 lib/libDaisy/build\libdaisy.a(usbd_conf.o)
                0x0800626c                HAL_PCD_DataOutStageCallback
 .text.HAL_PCD_DataInStageCallback
                0x08006280       0x14 lib/libDaisy/build\libdaisy.a(usbd_conf.o)
                0x08006280                HAL_PCD_DataInStageCallback
 .text.HAL_PCD_SOFCallback
                0x08006294        0x8 lib/libDaisy/build\libdaisy.a(usbd_conf.o)
                0x08006294                HAL_PCD_SOFCallback
 .text.HAL_PCD_ResetCallback
                0x0800629c       0x24 lib/libDaisy/build\libdaisy.a(usbd_conf.o)
                0x0800629c                HAL_PCD_ResetCallback
 .text.HAL_PCD_SuspendCallback
                0x080062c0       0x30 lib/libDaisy/build\libdaisy.a(usbd_conf.o)
                0x080062c0                HAL_PCD_SuspendCallback
 .text.HAL_PCD_ResumeCallback
                0x080062f0        0x8 lib/libDaisy/build\libdaisy.a(usbd_conf.o)
                0x080062f0                HAL_PCD_ResumeCallback
 .text.HAL_PCD_ISOOUTIncompleteCallback
                0x080062f8        0x8 lib/libDaisy/build\libdaisy.a(usbd_conf.o)
                0x080062f8                HAL_PCD_ISOOUTIncompleteCallback
 .text.HAL_PCD_ISOINIncompleteCallback
                0x08006300        0x8 lib/libDaisy/build\libdaisy.a(usbd_conf.o)
                0x08006300                HAL_PCD_ISOINIncompleteCallback
 .text.HAL_PCD_ConnectCallback
                0x08006308        0x8 lib/libDaisy/build\libdaisy.a(usbd_conf.o)
                0x08006308                HAL_PCD_ConnectCallback
 .text.HAL_PCD_DisconnectCallback
                0x08006310        0x8 lib/libDaisy/build\libdaisy.a(usbd_conf.o)
                0x08006310                HAL_PCD_DisconnectCallback
 .text.USBD_LL_Init
                0x08006318       0xe4 lib/libDaisy/build\libdaisy.a(usbd_conf.o)
                0x08006318                USBD_LL_Init
 .text.USBD_LL_Start
                0x080063fc       0x1c lib/libDaisy/build\libdaisy.a(usbd_conf.o)
                0x080063fc                USBD_LL_Start
 .text.USBD_LL_OpenEP
                0x08006418       0x24 lib/libDaisy/build\libdaisy.a(usbd_conf.o)
                0x08006418                USBD_LL_OpenEP
 .text.USBD_LL_CloseEP
                0x0800643c       0x1c lib/libDaisy/build\libdaisy.a(usbd_conf.o)
                0x0800643c                USBD_LL_CloseEP
 .text.USBD_LL_StallEP
                0x08006458       0x1c lib/libDaisy/build\libdaisy.a(usbd_conf.o)
                0x08006458                USBD_LL_StallEP
 .text.USBD_LL_ClearStallEP
                0x08006474       0x1c lib/libDaisy/build\libdaisy.a(usbd_conf.o)
                0x08006474                USBD_LL_ClearStallEP
 .text.USBD_LL_IsStallEP
                0x08006490       0x28 lib/libDaisy/build\libdaisy.a(usbd_conf.o)
                0x08006490                USBD_LL_IsStallEP
 .text.USBD_LL_SetUSBAddress
                0x080064b8       0x1c lib/libDaisy/build\libdaisy.a(usbd_conf.o)
                0x080064b8                USBD_LL_SetUSBAddress
 .text.USBD_LL_Transmit
                0x080064d4       0x1c lib/libDaisy/build\libdaisy.a(usbd_conf.o)
                0x080064d4                USBD_LL_Transmit
 .text.USBD_LL_PrepareReceive
                0x080064f0       0x1c lib/libDaisy/build\libdaisy.a(usbd_conf.o)
                0x080064f0                USBD_LL_PrepareReceive
 .text.USBD_LL_GetRxDataSize
                0x0800650c        0x8 lib/libDaisy/build\libdaisy.a(usbd_conf.o)
                0x0800650c                USBD_LL_GetRxDataSize
 .text.USBD_HS_DeviceDescriptor
                0x08006514        0xc lib/libDaisy/build\libdaisy.a(usbd_desc.o)
                0x08006514                USBD_HS_DeviceDescriptor
 .text.USBD_FS_DeviceDescriptor
                0x08006520        0xc lib/libDaisy/build\libdaisy.a(usbd_desc.o)
                0x08006520                USBD_FS_DeviceDescriptor
 .text.USBD_FS_LangIDStrDescriptor
                0x0800652c        0xc lib/libDaisy/build\libdaisy.a(usbd_desc.o)
                0x0800652c                USBD_FS_LangIDStrDescriptor
 .text.USBD_FS_ManufacturerStrDescriptor
                0x08006538       0x1c lib/libDaisy/build\libdaisy.a(usbd_desc.o)
                0x08006538                USBD_FS_ManufacturerStrDescriptor
 .text.USBD_HS_ProductStrDescriptor
                0x08006554       0x1c lib/libDaisy/build\libdaisy.a(usbd_desc.o)
                0x08006554                USBD_HS_ProductStrDescriptor
 .text.USBD_FS_ConfigStrDescriptor
                0x08006570       0x1c lib/libDaisy/build\libdaisy.a(usbd_desc.o)
                0x08006570                USBD_FS_ConfigStrDescriptor
 .text.USBD_FS_InterfaceStrDescriptor
                0x0800658c       0x1c lib/libDaisy/build\libdaisy.a(usbd_desc.o)
                0x0800658c                USBD_FS_InterfaceStrDescriptor
 .text.USBD_FS_ProductStrDescriptor
                0x080065a8       0x1c lib/libDaisy/build\libdaisy.a(usbd_desc.o)
                0x080065a8                USBD_FS_ProductStrDescriptor
 .text.USBD_HS_LangIDStrDescriptor
                0x080065c4        0xc lib/libDaisy/build\libdaisy.a(usbd_desc.o)
                0x080065c4                USBD_HS_LangIDStrDescriptor
 .text.USBD_HS_ManufacturerStrDescriptor
                0x080065d0       0x1c lib/libDaisy/build\libdaisy.a(usbd_desc.o)
                0x080065d0                USBD_HS_ManufacturerStrDescriptor
 .text.USBD_FS_SerialStrDescriptor
                0x080065ec      0x124 lib/libDaisy/build\libdaisy.a(usbd_desc.o)
                0x080065ec                USBD_FS_SerialStrDescriptor
 .text.USBD_HS_SerialStrDescriptor
                0x08006710      0x124 lib/libDaisy/build\libdaisy.a(usbd_desc.o)
                0x08006710                USBD_HS_SerialStrDescriptor
 .text.USBD_HS_InterfaceStrDescriptor
                0x08006834       0x1c lib/libDaisy/build\libdaisy.a(usbd_desc.o)
                0x08006834                USBD_HS_InterfaceStrDescriptor
 .text.USBD_HS_ConfigStrDescriptor
                0x08006850       0x1c lib/libDaisy/build\libdaisy.a(usbd_desc.o)
                0x08006850                USBD_HS_ConfigStrDescriptor
 .text.HAL_HCD_SOF_Callback
                0x0800686c        0x8 lib/libDaisy/build\libdaisy.a(usbh_conf.o)
                0x0800686c                HAL_HCD_SOF_Callback
 .text.HAL_HCD_Connect_Callback
                0x08006874        0x8 lib/libDaisy/build\libdaisy.a(usbh_conf.o)
                0x08006874                HAL_HCD_Connect_Callback
 .text.HAL_HCD_Disconnect_Callback
                0x0800687c        0x8 lib/libDaisy/build\libdaisy.a(usbh_conf.o)
                0x0800687c                HAL_HCD_Disconnect_Callback
 .text.HAL_HCD_HC_NotifyURBChange_Callback
                0x08006884        0x4 lib/libDaisy/build\libdaisy.a(usbh_conf.o)
                0x08006884                HAL_HCD_HC_NotifyURBChange_Callback
 .text.HAL_HCD_PortEnabled_Callback
                0x08006888        0x8 lib/libDaisy/build\libdaisy.a(usbh_conf.o)
                0x08006888                HAL_HCD_PortEnabled_Callback
 .text.HAL_HCD_PortDisabled_Callback
                0x08006890        0x8 lib/libDaisy/build\libdaisy.a(usbh_conf.o)
                0x08006890                HAL_HCD_PortDisabled_Callback
 .text.USBH_LL_Stop
                0x08006898       0x1c lib/libDaisy/build\libdaisy.a(usbh_conf.o)
                0x08006898                USBH_LL_Stop
 .text.dsy_hal_map_get_port
                0x080068b4       0x10 lib/libDaisy/build\libdaisy.a(hal_map.o)
                0x080068b4                dsy_hal_map_get_port
 .text.dsy_hal_map_get_pin
                0x080068c4       0x10 lib/libDaisy/build\libdaisy.a(hal_map.o)
                0x080068c4                dsy_hal_map_get_pin
 .text.dsy_hal_map_gpio_clk_enable
                0x080068d4      0x150 lib/libDaisy/build\libdaisy.a(hal_map.o)
                0x080068d4                dsy_hal_map_gpio_clk_enable
 .text.HAL_MspInit
                0x08006a24        0x4 lib/libDaisy/build\libdaisy.a(stm32h7xx_hal.o)
                0x08006a24                HAL_MspInit
 .text.HAL_InitTick
                0x08006a28       0x4c lib/libDaisy/build\libdaisy.a(stm32h7xx_hal.o)
                0x08006a28                HAL_InitTick
 .text.HAL_Init
                0x08006a74       0x60 lib/libDaisy/build\libdaisy.a(stm32h7xx_hal.o)
                0x08006a74                HAL_Init
 .text.HAL_IncTick
                0x08006ad4       0x18 lib/libDaisy/build\libdaisy.a(stm32h7xx_hal.o)
                0x08006ad4                HAL_IncTick
 .text.HAL_GetTick
                0x08006aec        0xc lib/libDaisy/build\libdaisy.a(stm32h7xx_hal.o)
                0x08006aec                HAL_GetTick
 .text.HAL_Delay
                0x08006af8       0x24 lib/libDaisy/build\libdaisy.a(stm32h7xx_hal.o)
                0x08006af8                HAL_Delay
 .text.HAL_GetREVID
                0x08006b1c        0xc lib/libDaisy/build\libdaisy.a(stm32h7xx_hal.o)
                0x08006b1c                HAL_GetREVID
 .text.HAL_NVIC_SetPriorityGrouping
                0x08006b28       0x24 lib/libDaisy/build\libdaisy.a(stm32h7xx_hal_cortex.o)
                0x08006b28                HAL_NVIC_SetPriorityGrouping
 .text.HAL_NVIC_SetPriority
                0x08006b4c       0x7c lib/libDaisy/build\libdaisy.a(stm32h7xx_hal_cortex.o)
                0x08006b4c                HAL_NVIC_SetPriority
 .text.HAL_NVIC_EnableIRQ
                0x08006bc8       0x1c lib/libDaisy/build\libdaisy.a(stm32h7xx_hal_cortex.o)
                0x08006bc8                HAL_NVIC_EnableIRQ
 .text.HAL_NVIC_DisableIRQ
                0x08006be4       0x28 lib/libDaisy/build\libdaisy.a(stm32h7xx_hal_cortex.o)
                0x08006be4                HAL_NVIC_DisableIRQ
 .text.HAL_SYSTICK_Config
                0x08006c0c       0x2c lib/libDaisy/build\libdaisy.a(stm32h7xx_hal_cortex.o)
                0x08006c0c                HAL_SYSTICK_Config
 .text.HAL_MPU_Disable
                0x08006c38       0x1c lib/libDaisy/build\libdaisy.a(stm32h7xx_hal_cortex.o)
                0x08006c38                HAL_MPU_Disable
 .text.HAL_MPU_Enable
                0x08006c54       0x20 lib/libDaisy/build\libdaisy.a(stm32h7xx_hal_cortex.o)
                0x08006c54                HAL_MPU_Enable
 .text.HAL_MPU_ConfigRegion
                0x08006c74       0x64 lib/libDaisy/build\libdaisy.a(stm32h7xx_hal_cortex.o)
                0x08006c74                HAL_MPU_ConfigRegion
 .text.HAL_SYSTICK_Callback
                0x08006cd8        0x4 lib/libDaisy/build\libdaisy.a(stm32h7xx_hal_cortex.o)
                0x08006cd8                HAL_SYSTICK_Callback
 .text.HAL_SYSTICK_IRQHandler
                0x08006cdc        0x8 lib/libDaisy/build\libdaisy.a(stm32h7xx_hal_cortex.o)
                0x08006cdc                HAL_SYSTICK_IRQHandler
 .text.DMA_CalcBaseAndBitshift
                0x08006ce4       0xf4 lib/libDaisy/build\libdaisy.a(stm32h7xx_hal_dma.o)
 .text.DMA_CalcDMAMUXChannelBaseAndMask
                0x08006dd8       0xd8 lib/libDaisy/build\libdaisy.a(stm32h7xx_hal_dma.o)
 .text.HAL_DMA_Init
                0x08006eb0      0x37c lib/libDaisy/build\libdaisy.a(stm32h7xx_hal_dma.o)
                0x08006eb0                HAL_DMA_Init
 .text.HAL_DMA_Start_IT
                0x0800722c      0x240 lib/libDaisy/build\libdaisy.a(stm32h7xx_hal_dma.o)
                0x0800722c                HAL_DMA_Start_IT
 .text.HAL_DMA_Abort_IT
                0x0800746c      0x134 lib/libDaisy/build\libdaisy.a(stm32h7xx_hal_dma.o)
                0x0800746c                HAL_DMA_Abort_IT
 .text.HAL_DMA_IRQHandler
                0x080075a0      0x6a0 lib/libDaisy/build\libdaisy.a(stm32h7xx_hal_dma.o)
                0x080075a0                HAL_DMA_IRQHandler
 .text.HAL_DMA_GetError
                0x08007c40        0x4 lib/libDaisy/build\libdaisy.a(stm32h7xx_hal_dma.o)
                0x08007c40                HAL_DMA_GetError
 .text.HAL_GPIO_Init
                0x08007c44      0x280 lib/libDaisy/build\libdaisy.a(stm32h7xx_hal_gpio.o)
                0x08007c44                HAL_GPIO_Init
 .text.HAL_GPIO_DeInit
                0x08007ec4      0x190 lib/libDaisy/build\libdaisy.a(stm32h7xx_hal_gpio.o)
                0x08007ec4                HAL_GPIO_DeInit
 .text.HAL_GPIO_ReadPin
                0x08008054        0xc lib/libDaisy/build\libdaisy.a(stm32h7xx_hal_gpio.o)
                0x08008054                HAL_GPIO_ReadPin
 .text.HAL_GPIO_WritePin
                0x08008060        0x8 lib/libDaisy/build\libdaisy.a(stm32h7xx_hal_gpio.o)
                0x08008060                HAL_GPIO_WritePin
 .text.HAL_HCD_IRQHandler
                0x08008068      0x780 lib/libDaisy/build\libdaisy.a(stm32h7xx_hal_hcd.o)
                0x08008068                HAL_HCD_IRQHandler
 .text.HAL_HCD_Stop
                0x080087e8       0x28 lib/libDaisy/build\libdaisy.a(stm32h7xx_hal_hcd.o)
                0x080087e8                HAL_HCD_Stop
 .text.I2C_WaitOnTXISFlagUntilTimeout
                0x08008810       0xb8 lib/libDaisy/build\libdaisy.a(stm32h7xx_hal_i2c.o)
 .text.I2C_WaitOnSTOPFlagUntilTimeout
                0x080088c8       0xac lib/libDaisy/build\libdaisy.a(stm32h7xx_hal_i2c.o)
 .text.HAL_I2C_Init
                0x08008974       0xac lib/libDaisy/build\libdaisy.a(stm32h7xx_hal_i2c.o)
                0x08008974                HAL_I2C_Init
 .text.HAL_I2C_Master_Transmit
                0x08008a20      0x1a8 lib/libDaisy/build\libdaisy.a(stm32h7xx_hal_i2c.o)
                0x08008a20                HAL_I2C_Master_Transmit
 .text.HAL_I2C_Slave_Transmit
                0x08008bc8      0x1c8 lib/libDaisy/build\libdaisy.a(stm32h7xx_hal_i2c.o)
                0x08008bc8                HAL_I2C_Slave_Transmit
 .text.HAL_I2C_EV_IRQHandler
                0x08008d90       0x10 lib/libDaisy/build\libdaisy.a(stm32h7xx_hal_i2c.o)
                0x08008d90                HAL_I2C_EV_IRQHandler
 .text.HAL_I2C_GetState
                0x08008da0        0x8 lib/libDaisy/build\libdaisy.a(stm32h7xx_hal_i2c.o)
                0x08008da0                HAL_I2C_GetState
 .text.HAL_I2CEx_ConfigAnalogFilter
                0x08008da8       0x54 lib/libDaisy/build\libdaisy.a(stm32h7xx_hal_i2c_ex.o)
                0x08008da8                HAL_I2CEx_ConfigAnalogFilter
 .text.HAL_I2CEx_ConfigDigitalFilter
                0x08008dfc       0x58 lib/libDaisy/build\libdaisy.a(stm32h7xx_hal_i2c_ex.o)
                0x08008dfc                HAL_I2CEx_ConfigDigitalFilter
 .text.HAL_PCD_Init
                0x08008e54      0x12c lib/libDaisy/build\libdaisy.a(stm32h7xx_hal_pcd.o)
                0x08008e54                HAL_PCD_Init
 .text.HAL_PCD_Start
                0x08008f80       0x44 lib/libDaisy/build\libdaisy.a(stm32h7xx_hal_pcd.o)
                0x08008f80                HAL_PCD_Start
 .text.HAL_PCD_IRQHandler
                0x08008fc4      0x69c lib/libDaisy/build\libdaisy.a(stm32h7xx_hal_pcd.o)
                0x08008fc4                HAL_PCD_IRQHandler
 .text.HAL_PCD_SetAddress
                0x08009660       0x2c lib/libDaisy/build\libdaisy.a(stm32h7xx_hal_pcd.o)
                0x08009660                HAL_PCD_SetAddress
 .text.HAL_PCD_EP_Open
                0x0800968c       0x7c lib/libDaisy/build\libdaisy.a(stm32h7xx_hal_pcd.o)
                0x0800968c                HAL_PCD_EP_Open
 .text.HAL_PCD_EP_Close
                0x08009708       0x6c lib/libDaisy/build\libdaisy.a(stm32h7xx_hal_pcd.o)
                0x08009708                HAL_PCD_EP_Close
 .text.HAL_PCD_EP_Receive
                0x08009774       0x50 lib/libDaisy/build\libdaisy.a(stm32h7xx_hal_pcd.o)
                0x08009774                HAL_PCD_EP_Receive
 .text.HAL_PCD_EP_GetRxCount
                0x080097c4       0x14 lib/libDaisy/build\libdaisy.a(stm32h7xx_hal_pcd.o)
                0x080097c4                HAL_PCD_EP_GetRxCount
 .text.HAL_PCD_EP_Transmit
                0x080097d8       0x50 lib/libDaisy/build\libdaisy.a(stm32h7xx_hal_pcd.o)
                0x080097d8                HAL_PCD_EP_Transmit
 .text.HAL_PCD_EP_SetStall
                0x08009828       0x88 lib/libDaisy/build\libdaisy.a(stm32h7xx_hal_pcd.o)
                0x08009828                HAL_PCD_EP_SetStall
 .text.HAL_PCD_EP_ClrStall
                0x080098b0       0x78 lib/libDaisy/build\libdaisy.a(stm32h7xx_hal_pcd.o)
                0x080098b0                HAL_PCD_EP_ClrStall
 .text.HAL_PCDEx_SetTxFiFo
                0x08009928       0x54 lib/libDaisy/build\libdaisy.a(stm32h7xx_hal_pcd_ex.o)
                0x08009928                HAL_PCDEx_SetTxFiFo
 .text.HAL_PCDEx_SetRxFiFo
                0x0800997c        0xc lib/libDaisy/build\libdaisy.a(stm32h7xx_hal_pcd_ex.o)
                0x0800997c                HAL_PCDEx_SetRxFiFo
 .text.HAL_PCDEx_ActivateLPM
                0x08009988       0x30 lib/libDaisy/build\libdaisy.a(stm32h7xx_hal_pcd_ex.o)
                0x08009988                HAL_PCDEx_ActivateLPM
 .text.HAL_PCDEx_LPM_Callback
                0x080099b8        0x4 lib/libDaisy/build\libdaisy.a(stm32h7xx_hal_pcd_ex.o)
                0x080099b8                HAL_PCDEx_LPM_Callback
 .text.HAL_PWREx_ConfigSupply
                0x080099bc       0x4c lib/libDaisy/build\libdaisy.a(stm32h7xx_hal_pwr_ex.o)
                0x080099bc                HAL_PWREx_ConfigSupply
 .text.HAL_PWREx_EnableUSBVoltageDetector
                0x08009a08       0x10 lib/libDaisy/build\libdaisy.a(stm32h7xx_hal_pwr_ex.o)
                0x08009a08                HAL_PWREx_EnableUSBVoltageDetector
 .text.QSPI_Config
                0x08009a18      0x174 lib/libDaisy/build\libdaisy.a(stm32h7xx_hal_qspi.o)
 .text.HAL_QSPI_Init
                0x08009b8c       0xd8 lib/libDaisy/build\libdaisy.a(stm32h7xx_hal_qspi.o)
                0x08009b8c                HAL_QSPI_Init
 .text.HAL_QSPI_DeInit
                0x08009c64       0x3c lib/libDaisy/build\libdaisy.a(stm32h7xx_hal_qspi.o)
                0x08009c64                HAL_QSPI_DeInit
 .text.HAL_QSPI_Command
                0x08009ca0       0xd4 lib/libDaisy/build\libdaisy.a(stm32h7xx_hal_qspi.o)
                0x08009ca0                HAL_QSPI_Command
 .text.HAL_QSPI_Transmit
                0x08009d74       0xfc lib/libDaisy/build\libdaisy.a(stm32h7xx_hal_qspi.o)
                0x08009d74                HAL_QSPI_Transmit
 .text.HAL_QSPI_Receive
                0x08009e70      0x108 lib/libDaisy/build\libdaisy.a(stm32h7xx_hal_qspi.o)
                0x08009e70                HAL_QSPI_Receive
 .text.HAL_QSPI_AutoPolling
                0x08009f78       0xf0 lib/libDaisy/build\libdaisy.a(stm32h7xx_hal_qspi.o)
                0x08009f78                HAL_QSPI_AutoPolling
 .text.HAL_QSPI_MemoryMapped
                0x0800a068       0xc0 lib/libDaisy/build\libdaisy.a(stm32h7xx_hal_qspi.o)
                0x0800a068                HAL_QSPI_MemoryMapped
 .text.HAL_QSPI_ErrorCallback
                0x0800a128        0x4 lib/libDaisy/build\libdaisy.a(stm32h7xx_hal_qspi.o)
                0x0800a128                HAL_QSPI_ErrorCallback
 .text.QSPI_DMAAbortCplt
                0x0800a12c       0x38 lib/libDaisy/build\libdaisy.a(stm32h7xx_hal_qspi.o)
 .text.HAL_QSPI_AbortCpltCallback
                0x0800a164        0x4 lib/libDaisy/build\libdaisy.a(stm32h7xx_hal_qspi.o)
                0x0800a164                HAL_QSPI_AbortCpltCallback
 .text.HAL_QSPI_CmdCpltCallback
                0x0800a168        0x4 lib/libDaisy/build\libdaisy.a(stm32h7xx_hal_qspi.o)
                0x0800a168                HAL_QSPI_CmdCpltCallback
 .text.HAL_QSPI_RxCpltCallback
                0x0800a16c        0x4 lib/libDaisy/build\libdaisy.a(stm32h7xx_hal_qspi.o)
                0x0800a16c                HAL_QSPI_RxCpltCallback
 .text.HAL_QSPI_TxCpltCallback
                0x0800a170        0x4 lib/libDaisy/build\libdaisy.a(stm32h7xx_hal_qspi.o)
                0x0800a170                HAL_QSPI_TxCpltCallback
 .text.HAL_QSPI_FifoThresholdCallback
                0x0800a174        0x4 lib/libDaisy/build\libdaisy.a(stm32h7xx_hal_qspi.o)
                0x0800a174                HAL_QSPI_FifoThresholdCallback
 .text.HAL_QSPI_StatusMatchCallback
                0x0800a178        0x4 lib/libDaisy/build\libdaisy.a(stm32h7xx_hal_qspi.o)
                0x0800a178                HAL_QSPI_StatusMatchCallback
 .text.HAL_QSPI_TimeOutCallback
                0x0800a17c        0x4 lib/libDaisy/build\libdaisy.a(stm32h7xx_hal_qspi.o)
                0x0800a17c                HAL_QSPI_TimeOutCallback
 .text.HAL_QSPI_IRQHandler
                0x0800a180      0x210 lib/libDaisy/build\libdaisy.a(stm32h7xx_hal_qspi.o)
                0x0800a180                HAL_QSPI_IRQHandler
 .text.HAL_RCC_OscConfig
                0x0800a390      0x51c lib/libDaisy/build\libdaisy.a(stm32h7xx_hal_rcc.o)
                0x0800a390                HAL_RCC_OscConfig
 .text.HAL_RCC_GetSysClockFreq
                0x0800a8ac      0x140 lib/libDaisy/build\libdaisy.a(stm32h7xx_hal_rcc.o)
                0x0800a8ac                HAL_RCC_GetSysClockFreq
 .text.HAL_RCC_ClockConfig
                0x0800a9ec      0x234 lib/libDaisy/build\libdaisy.a(stm32h7xx_hal_rcc.o)
                0x0800a9ec                HAL_RCC_ClockConfig
 .text.HAL_RCC_GetHCLKFreq
                0x0800ac20       0x2c lib/libDaisy/build\libdaisy.a(stm32h7xx_hal_rcc.o)
                0x0800ac20                HAL_RCC_GetHCLKFreq
 .text.HAL_RCC_GetPCLK1Freq
                0x0800ac4c       0x38 lib/libDaisy/build\libdaisy.a(stm32h7xx_hal_rcc.o)
                0x0800ac4c                HAL_RCC_GetPCLK1Freq
 .text.HAL_RCC_GetPCLK2Freq
                0x0800ac84       0x38 lib/libDaisy/build\libdaisy.a(stm32h7xx_hal_rcc.o)
                0x0800ac84                HAL_RCC_GetPCLK2Freq
 .text.RCCEx_PLL2_Config
                0x0800acbc       0xf4 lib/libDaisy/build\libdaisy.a(stm32h7xx_hal_rcc_ex.o)
 .text.RCCEx_PLL3_Config
                0x0800adb0       0xf4 lib/libDaisy/build\libdaisy.a(stm32h7xx_hal_rcc_ex.o)
 .text.HAL_RCCEx_PeriphCLKConfig
                0x0800aea4      0xa7c lib/libDaisy/build\libdaisy.a(stm32h7xx_hal_rcc_ex.o)
                0x0800aea4                HAL_RCCEx_PeriphCLKConfig
 .text.HAL_RCCEx_GetD3PCLK1Freq
                0x0800b920       0x24 lib/libDaisy/build\libdaisy.a(stm32h7xx_hal_rcc_ex.o)
                0x0800b920                HAL_RCCEx_GetD3PCLK1Freq
 .text.HAL_RCCEx_GetPLL2ClockFreq
                0x0800b944      0x17c lib/libDaisy/build\libdaisy.a(stm32h7xx_hal_rcc_ex.o)
                0x0800b944                HAL_RCCEx_GetPLL2ClockFreq
 .text.HAL_RCCEx_GetPLL3ClockFreq
                0x0800bac0      0x17c lib/libDaisy/build\libdaisy.a(stm32h7xx_hal_rcc_ex.o)
                0x0800bac0                HAL_RCCEx_GetPLL3ClockFreq
 .text.HAL_RCCEx_GetPLL1ClockFreq
                0x0800bc3c      0x17c lib/libDaisy/build\libdaisy.a(stm32h7xx_hal_rcc_ex.o)
                0x0800bc3c                HAL_RCCEx_GetPLL1ClockFreq
 .text.HAL_RCCEx_GetPeriphCLKFreq
                0x0800bdb8      0x198 lib/libDaisy/build\libdaisy.a(stm32h7xx_hal_rcc_ex.o)
                0x0800bdb8                HAL_RCCEx_GetPeriphCLKFreq
 .text.HAL_RCCEx_GetD1SysClockFreq
                0x0800bf50       0x2c lib/libDaisy/build\libdaisy.a(stm32h7xx_hal_rcc_ex.o)
                0x0800bf50                HAL_RCCEx_GetD1SysClockFreq
 .text.HAL_SAI_Init.part.0
                0x0800bf7c      0x348 lib/libDaisy/build\libdaisy.a(stm32h7xx_hal_sai.o)
 .text.HAL_SAI_InitProtocol
                0x0800c2c4      0x178 lib/libDaisy/build\libdaisy.a(stm32h7xx_hal_sai.o)
                0x0800c2c4                HAL_SAI_InitProtocol
 .text.HAL_SDRAM_Init
                0x0800c43c       0x54 lib/libDaisy/build\libdaisy.a(stm32h7xx_hal_sdram.o)
                0x0800c43c                HAL_SDRAM_Init
 .text.HAL_SDRAM_SendCommand
                0x0800c490       0x40 lib/libDaisy/build\libdaisy.a(stm32h7xx_hal_sdram.o)
                0x0800c490                HAL_SDRAM_SendCommand
 .text.HAL_SDRAM_ProgramRefreshRate
                0x0800c4d0       0x30 lib/libDaisy/build\libdaisy.a(stm32h7xx_hal_sdram.o)
                0x0800c4d0                HAL_SDRAM_ProgramRefreshRate
 .text.HAL_UART_Transmit
                0x0800c500      0x120 lib/libDaisy/build\libdaisy.a(stm32h7xx_hal_uart.o)
                0x0800c500                HAL_UART_Transmit
 .text.HAL_UART_Transmit_DMA
                0x0800c620       0xa4 lib/libDaisy/build\libdaisy.a(stm32h7xx_hal_uart.o)
                0x0800c620                HAL_UART_Transmit_DMA
 .text.HAL_UART_Receive_DMA
                0x0800c6c4       0xac lib/libDaisy/build\libdaisy.a(stm32h7xx_hal_uart.o)
                0x0800c6c4                HAL_UART_Receive_DMA
 .text.UART_DMATransmitCplt
                0x0800c770       0x2c lib/libDaisy/build\libdaisy.a(stm32h7xx_hal_uart.o)
 .text.HAL_UART_TxHalfCpltCallback
                0x0800c79c        0x4 lib/libDaisy/build\libdaisy.a(stm32h7xx_hal_uart.o)
                0x0800c79c                HAL_UART_TxHalfCpltCallback
 .text.UART_DMATxHalfCplt
                0x0800c7a0        0xc lib/libDaisy/build\libdaisy.a(stm32h7xx_hal_uart.o)
 .text.UART_DMAReceiveCplt
                0x0800c7ac       0x38 lib/libDaisy/build\libdaisy.a(stm32h7xx_hal_uart.o)
 .text.UART_DMARxHalfCplt
                0x0800c7e4        0xc lib/libDaisy/build\libdaisy.a(stm32h7xx_hal_uart.o)
 .text.UART_DMAError
                0x0800c7f0       0x78 lib/libDaisy/build\libdaisy.a(stm32h7xx_hal_uart.o)
 .text.HAL_UART_IRQHandler
                0x0800c868      0x1d0 lib/libDaisy/build\libdaisy.a(stm32h7xx_hal_uart.o)
                0x0800c868                HAL_UART_IRQHandler
 .text.UART_DMAAbortOnError
                0x0800ca38       0x14 lib/libDaisy/build\libdaisy.a(stm32h7xx_hal_uart.o)
 .text.HAL_UART_GetState
                0x0800ca4c        0xc lib/libDaisy/build\libdaisy.a(stm32h7xx_hal_uart.o)
                0x0800ca4c                HAL_UART_GetState
 .text.UART_SetConfig
                0x0800ca58     0x14b8 lib/libDaisy/build\libdaisy.a(stm32h7xx_hal_uart.o)
                0x0800ca58                UART_SetConfig
 .text.UART_AdvFeatureConfig
                0x0800df10       0xb0 lib/libDaisy/build\libdaisy.a(stm32h7xx_hal_uart.o)
                0x0800df10                UART_AdvFeatureConfig
 .text.UART_CheckIdleState
                0x0800dfc0       0x84 lib/libDaisy/build\libdaisy.a(stm32h7xx_hal_uart.o)
                0x0800dfc0                UART_CheckIdleState
 .text.HAL_UART_Init
                0x0800e044       0x68 lib/libDaisy/build\libdaisy.a(stm32h7xx_hal_uart.o)
                0x0800e044                HAL_UART_Init
 .text.HAL_UARTEx_WakeupCallback
                0x0800e0ac        0x4 lib/libDaisy/build\libdaisy.a(stm32h7xx_hal_uart_ex.o)
                0x0800e0ac                HAL_UARTEx_WakeupCallback
 .text.HAL_UARTEx_RxFifoFullCallback
                0x0800e0b0        0x4 lib/libDaisy/build\libdaisy.a(stm32h7xx_hal_uart_ex.o)
                0x0800e0b0                HAL_UARTEx_RxFifoFullCallback
 .text.HAL_UARTEx_TxFifoEmptyCallback
                0x0800e0b4        0x4 lib/libDaisy/build\libdaisy.a(stm32h7xx_hal_uart_ex.o)
                0x0800e0b4                HAL_UARTEx_TxFifoEmptyCallback
 .text.HAL_UARTEx_DisableFifoMode
                0x0800e0b8       0x3c lib/libDaisy/build\libdaisy.a(stm32h7xx_hal_uart_ex.o)
                0x0800e0b8                HAL_UARTEx_DisableFifoMode
 .text.HAL_UARTEx_SetTxFifoThreshold
                0x0800e0f4       0x9c lib/libDaisy/build\libdaisy.a(stm32h7xx_hal_uart_ex.o)
                0x0800e0f4                HAL_UARTEx_SetTxFifoThreshold
 .text.HAL_UARTEx_SetRxFifoThreshold
                0x0800e190       0x9c lib/libDaisy/build\libdaisy.a(stm32h7xx_hal_uart_ex.o)
                0x0800e190                HAL_UARTEx_SetRxFifoThreshold
 .text.FMC_SDRAM_Init
                0x0800e22c       0x7c lib/libDaisy/build\libdaisy.a(stm32h7xx_ll_fmc.o)
                0x0800e22c                FMC_SDRAM_Init
 .text.FMC_SDRAM_Timing_Init
                0x0800e2a8       0x98 lib/libDaisy/build\libdaisy.a(stm32h7xx_ll_fmc.o)
                0x0800e2a8                FMC_SDRAM_Timing_Init
 .text.FMC_SDRAM_SendCommand
                0x0800e340       0x28 lib/libDaisy/build\libdaisy.a(stm32h7xx_ll_fmc.o)
                0x0800e340                FMC_SDRAM_SendCommand
 .text.FMC_SDRAM_ProgramRefreshRate
                0x0800e368       0x1c lib/libDaisy/build\libdaisy.a(stm32h7xx_ll_fmc.o)
                0x0800e368                FMC_SDRAM_ProgramRefreshRate
 .text.USB_CoreInit
                0x0800e384      0x124 lib/libDaisy/build\libdaisy.a(stm32h7xx_ll_usb.o)
                0x0800e384                USB_CoreInit
 .text.USB_SetTurnaroundTime
                0x0800e4a8      0x104 lib/libDaisy/build\libdaisy.a(stm32h7xx_ll_usb.o)
                0x0800e4a8                USB_SetTurnaroundTime
 .text.USB_EnableGlobalInt
                0x0800e5ac       0x10 lib/libDaisy/build\libdaisy.a(stm32h7xx_ll_usb.o)
                0x0800e5ac                USB_EnableGlobalInt
 .text.USB_DisableGlobalInt
                0x0800e5bc       0x10 lib/libDaisy/build\libdaisy.a(stm32h7xx_ll_usb.o)
                0x0800e5bc                USB_DisableGlobalInt
 .text.USB_SetCurrentMode
                0x0800e5cc       0x30 lib/libDaisy/build\libdaisy.a(stm32h7xx_ll_usb.o)
                0x0800e5cc                USB_SetCurrentMode
 .text.USB_DevInit
                0x0800e5fc      0x20c lib/libDaisy/build\libdaisy.a(stm32h7xx_ll_usb.o)
                0x0800e5fc                USB_DevInit
 .text.USB_FlushTxFifo
                0x0800e808       0x34 lib/libDaisy/build\libdaisy.a(stm32h7xx_ll_usb.o)
                0x0800e808                USB_FlushTxFifo
 .text.USB_GetDevSpeed
                0x0800e83c       0x24 lib/libDaisy/build\libdaisy.a(stm32h7xx_ll_usb.o)
                0x0800e83c                USB_GetDevSpeed
 .text.USB_ActivateEndpoint
                0x0800e860       0x90 lib/libDaisy/build\libdaisy.a(stm32h7xx_ll_usb.o)
                0x0800e860                USB_ActivateEndpoint
 .text.USB_DeactivateEndpoint
                0x0800e8f0       0x84 lib/libDaisy/build\libdaisy.a(stm32h7xx_ll_usb.o)
                0x0800e8f0                USB_DeactivateEndpoint
 .text.USB_EPStartXfer
                0x0800e974      0x230 lib/libDaisy/build\libdaisy.a(stm32h7xx_ll_usb.o)
                0x0800e974                USB_EPStartXfer
 .text.USB_EP0StartXfer
                0x0800eba4      0x174 lib/libDaisy/build\libdaisy.a(stm32h7xx_ll_usb.o)
                0x0800eba4                USB_EP0StartXfer
 .text.USB_WritePacket
                0x0800ed18       0x2c lib/libDaisy/build\libdaisy.a(stm32h7xx_ll_usb.o)
                0x0800ed18                USB_WritePacket
 .text.USB_ReadPacket
                0x0800ed44       0x20 lib/libDaisy/build\libdaisy.a(stm32h7xx_ll_usb.o)
                0x0800ed44                USB_ReadPacket
 .text.USB_EPSetStall
                0x0800ed64       0x68 lib/libDaisy/build\libdaisy.a(stm32h7xx_ll_usb.o)
                0x0800ed64                USB_EPSetStall
 .text.USB_EPClearStall
                0x0800edcc       0x58 lib/libDaisy/build\libdaisy.a(stm32h7xx_ll_usb.o)
                0x0800edcc                USB_EPClearStall
 .text.USB_SetDevAddress
                0x0800ee24       0x24 lib/libDaisy/build\libdaisy.a(stm32h7xx_ll_usb.o)
                0x0800ee24                USB_SetDevAddress
 .text.USB_DevConnect
                0x0800ee48       0x1c lib/libDaisy/build\libdaisy.a(stm32h7xx_ll_usb.o)
                0x0800ee48                USB_DevConnect
 .text.USB_DevDisconnect
                0x0800ee64       0x1c lib/libDaisy/build\libdaisy.a(stm32h7xx_ll_usb.o)
                0x0800ee64                USB_DevDisconnect
 .text.USB_ReadInterrupts
                0x0800ee80       0x14 lib/libDaisy/build\libdaisy.a(stm32h7xx_ll_usb.o)
                0x0800ee80                USB_ReadInterrupts
 .text.USB_ReadDevAllOutEpInterrupt
                0x0800ee94       0x1c lib/libDaisy/build\libdaisy.a(stm32h7xx_ll_usb.o)
                0x0800ee94                USB_ReadDevAllOutEpInterrupt
 .text.USB_ReadDevAllInEpInterrupt
                0x0800eeb0       0x1c lib/libDaisy/build\libdaisy.a(stm32h7xx_ll_usb.o)
                0x0800eeb0                USB_ReadDevAllInEpInterrupt
 .text.USB_ReadDevOutEPInterrupt
                0x0800eecc       0x1c lib/libDaisy/build\libdaisy.a(stm32h7xx_ll_usb.o)
                0x0800eecc                USB_ReadDevOutEPInterrupt
 .text.USB_ReadDevInEPInterrupt
                0x0800eee8       0x38 lib/libDaisy/build\libdaisy.a(stm32h7xx_ll_usb.o)
                0x0800eee8                USB_ReadDevInEPInterrupt
 .text.USB_GetMode
                0x0800ef20        0x8 lib/libDaisy/build\libdaisy.a(stm32h7xx_ll_usb.o)
                0x0800ef20                USB_GetMode
 .text.USB_ActivateSetup
                0x0800ef28       0x38 lib/libDaisy/build\libdaisy.a(stm32h7xx_ll_usb.o)
                0x0800ef28                USB_ActivateSetup
 .text.USB_EP0_OutStart
                0x0800ef60       0x58 lib/libDaisy/build\libdaisy.a(stm32h7xx_ll_usb.o)
                0x0800ef60                USB_EP0_OutStart
 .text.USB_InitFSLSPClkSel
                0x0800efb8       0x44 lib/libDaisy/build\libdaisy.a(stm32h7xx_ll_usb.o)
                0x0800efb8                USB_InitFSLSPClkSel
 .text.USB_HC_ReadInterrupt
                0x0800effc        0x8 lib/libDaisy/build\libdaisy.a(stm32h7xx_ll_usb.o)
                0x0800effc                USB_HC_ReadInterrupt
 .text.USB_HC_Halt
                0x0800f004       0xc0 lib/libDaisy/build\libdaisy.a(stm32h7xx_ll_usb.o)
                0x0800f004                USB_HC_Halt
 .text.USB_StopHost
                0x0800f0c4      0x2ec lib/libDaisy/build\libdaisy.a(stm32h7xx_ll_usb.o)
                0x0800f0c4                USB_StopHost
 .text.USBD_CDC_EP0_RxReady
                0x0800f3b0       0x2c lib/libDaisy/build\libdaisy.a(usbd_cdc.o)
 .text.USBD_CDC_GetFSCfgDesc
                0x0800f3dc       0x24 lib/libDaisy/build\libdaisy.a(usbd_cdc.o)
 .text.USBD_CDC_GetHSCfgDesc
                0x0800f400       0x24 lib/libDaisy/build\libdaisy.a(usbd_cdc.o)
 .text.USBD_CDC_GetOtherSpeedCfgDesc
                0x0800f424       0x24 lib/libDaisy/build\libdaisy.a(usbd_cdc.o)
 .text.USBD_CDC_GetDeviceQualifierDescriptor
                0x0800f448       0x10 lib/libDaisy/build\libdaisy.a(usbd_cdc.o)
                0x0800f448                USBD_CDC_GetDeviceQualifierDescriptor
 .text.USBD_CDC_DataOut
                0x0800f458       0x30 lib/libDaisy/build\libdaisy.a(usbd_cdc.o)
 .text.USBD_CDC_DataIn
                0x0800f488       0x50 lib/libDaisy/build\libdaisy.a(usbd_cdc.o)
 .text.USBD_CDC_Setup
                0x0800f4d8       0xcc lib/libDaisy/build\libdaisy.a(usbd_cdc.o)
 .text.USBD_CDC_DeInit
                0x0800f5a4       0x44 lib/libDaisy/build\libdaisy.a(usbd_cdc.o)
 .text.USBD_CDC_Init
                0x0800f5e8       0x94 lib/libDaisy/build\libdaisy.a(usbd_cdc.o)
 .text.USBD_CDC_RegisterInterface
                0x0800f67c       0x10 lib/libDaisy/build\libdaisy.a(usbd_cdc.o)
                0x0800f67c                USBD_CDC_RegisterInterface
 .text.USBD_CDC_SetTxBuffer
                0x0800f68c       0x14 lib/libDaisy/build\libdaisy.a(usbd_cdc.o)
                0x0800f68c                USBD_CDC_SetTxBuffer
 .text.USBD_CDC_SetRxBuffer
                0x0800f6a0       0x10 lib/libDaisy/build\libdaisy.a(usbd_cdc.o)
                0x0800f6a0                USBD_CDC_SetRxBuffer
 .text.USBD_CDC_TransmitPacket
                0x0800f6b0       0x34 lib/libDaisy/build\libdaisy.a(usbd_cdc.o)
                0x0800f6b0                USBD_CDC_TransmitPacket
 .text.USBD_CDC_ReceivePacket
                0x0800f6e4       0x38 lib/libDaisy/build\libdaisy.a(usbd_cdc.o)
                0x0800f6e4                USBD_CDC_ReceivePacket
 .text.USBD_Init
                0x0800f71c       0x44 lib/libDaisy/build\libdaisy.a(usbd_core.o)
                0x0800f71c                USBD_Init
 .text.USBD_RegisterClass
                0x0800f760       0x2c lib/libDaisy/build\libdaisy.a(usbd_core.o)
                0x0800f760                USBD_RegisterClass
 .text.USBD_Start
                0x0800f78c        0xc lib/libDaisy/build\libdaisy.a(usbd_core.o)
                0x0800f78c                USBD_Start
 .text.USBD_SetClassConfig
                0x0800f798       0x14 lib/libDaisy/build\libdaisy.a(usbd_core.o)
                0x0800f798                USBD_SetClassConfig
 .text.USBD_ClrClassConfig
                0x0800f7ac       0x10 lib/libDaisy/build\libdaisy.a(usbd_core.o)
                0x0800f7ac                USBD_ClrClassConfig
 .text.USBD_LL_SetupStage
                0x0800f7bc       0x5c lib/libDaisy/build\libdaisy.a(usbd_core.o)
                0x0800f7bc                USBD_LL_SetupStage
 .text.USBD_LL_DataOutStage
                0x0800f818       0x7c lib/libDaisy/build\libdaisy.a(usbd_core.o)
                0x0800f818                USBD_LL_DataOutStage
 .text.USBD_LL_DataInStage
                0x0800f894       0xcc lib/libDaisy/build\libdaisy.a(usbd_core.o)
                0x0800f894                USBD_LL_DataInStage
 .text.USBD_LL_Reset
                0x0800f960       0x50 lib/libDaisy/build\libdaisy.a(usbd_core.o)
                0x0800f960                USBD_LL_Reset
 .text.USBD_LL_SetSpeed
                0x0800f9b0        0x8 lib/libDaisy/build\libdaisy.a(usbd_core.o)
                0x0800f9b0                USBD_LL_SetSpeed
 .text.USBD_LL_Suspend
                0x0800f9b8       0x14 lib/libDaisy/build\libdaisy.a(usbd_core.o)
                0x0800f9b8                USBD_LL_Suspend
 .text.USBD_LL_Resume
                0x0800f9cc       0x10 lib/libDaisy/build\libdaisy.a(usbd_core.o)
                0x0800f9cc                USBD_LL_Resume
 .text.USBD_LL_SOF
                0x0800f9dc       0x1c lib/libDaisy/build\libdaisy.a(usbd_core.o)
                0x0800f9dc                USBD_LL_SOF
 .text.USBD_LL_IsoINIncomplete
                0x0800f9f8        0x4 lib/libDaisy/build\libdaisy.a(usbd_core.o)
                0x0800f9f8                USBD_LL_IsoINIncomplete
 .text.USBD_LL_IsoOUTIncomplete
                0x0800f9fc        0x4 lib/libDaisy/build\libdaisy.a(usbd_core.o)
                0x0800f9fc                USBD_LL_IsoOUTIncomplete
 .text.USBD_LL_DevConnected
                0x0800fa00        0x4 lib/libDaisy/build\libdaisy.a(usbd_core.o)
                0x0800fa00                USBD_LL_DevConnected
 .text.USBD_LL_DevDisconnected
                0x0800fa04       0x18 lib/libDaisy/build\libdaisy.a(usbd_core.o)
                0x0800fa04                USBD_LL_DevDisconnected
 .text.USBD_StdDevReq
                0x0800fa1c      0x304 lib/libDaisy/build\libdaisy.a(usbd_ctlreq.o)
                0x0800fa1c                USBD_StdDevReq
 .text.USBD_StdItfReq
                0x0800fd20       0x68 lib/libDaisy/build\libdaisy.a(usbd_ctlreq.o)
                0x0800fd20                USBD_StdItfReq
 .text.USBD_StdEPReq
                0x0800fd88      0x13c lib/libDaisy/build\libdaisy.a(usbd_ctlreq.o)
                0x0800fd88                USBD_StdEPReq
 .text.USBD_ParseSetupRequest
                0x0800fec4       0x28 lib/libDaisy/build\libdaisy.a(usbd_ctlreq.o)
                0x0800fec4                USBD_ParseSetupRequest
 .text.USBD_CtlError
                0x0800feec       0x18 lib/libDaisy/build\libdaisy.a(usbd_ctlreq.o)
                0x0800feec                USBD_CtlError
 .text.USBD_GetString
                0x0800ff04       0x54 lib/libDaisy/build\libdaisy.a(usbd_ctlreq.o)
                0x0800ff04                USBD_GetString
 .text.USBD_CtlSendData
                0x0800ff58       0x1c lib/libDaisy/build\libdaisy.a(usbd_ioreq.o)
                0x0800ff58                USBD_CtlSendData
 .text.USBD_CtlContinueSendData
                0x0800ff74       0x14 lib/libDaisy/build\libdaisy.a(usbd_ioreq.o)
                0x0800ff74                USBD_CtlContinueSendData
 .text.USBD_CtlPrepareRx
                0x0800ff88       0x1c lib/libDaisy/build\libdaisy.a(usbd_ioreq.o)
                0x0800ff88                USBD_CtlPrepareRx
 .text.USBD_CtlContinueRx
                0x0800ffa4       0x14 lib/libDaisy/build\libdaisy.a(usbd_ioreq.o)
                0x0800ffa4                USBD_CtlContinueRx
 .text.USBD_CtlSendStatus
                0x0800ffb8       0x18 lib/libDaisy/build\libdaisy.a(usbd_ioreq.o)
                0x0800ffb8                USBD_CtlSendStatus
 .text.USBD_CtlReceiveStatus
                0x0800ffd0       0x18 lib/libDaisy/build\libdaisy.a(usbd_ioreq.o)
                0x0800ffd0                USBD_CtlReceiveStatus
 .text.USBH_LL_IncTimer
                0x0800ffe8       0x20 lib/libDaisy/build\libdaisy.a(usbh_core.o)
                0x0800ffe8                USBH_LL_IncTimer
 .text.USBH_LL_PortEnabled
                0x08010008        0x8 lib/libDaisy/build\libdaisy.a(usbh_core.o)
                0x08010008                USBH_LL_PortEnabled
 .text.USBH_LL_PortDisabled
                0x08010010        0x8 lib/libDaisy/build\libdaisy.a(usbh_core.o)
                0x08010010                USBH_LL_PortDisabled
 .text.USBH_LL_Connect
                0x08010018       0x18 lib/libDaisy/build\libdaisy.a(usbh_core.o)
                0x08010018                USBH_LL_Connect
 .text.USBH_LL_Disconnect
                0x08010030       0x2c lib/libDaisy/build\libdaisy.a(usbh_core.o)
                0x08010030                USBH_LL_Disconnect
 .text.USBH_FreePipe
                0x0801005c       0x18 lib/libDaisy/build\libdaisy.a(usbh_pipes.o)
                0x0801005c                USBH_FreePipe
 .text._ZN5daisy6Random4InitEv
                0x08010074       0x3c lib/libDaisy/build\libdaisy.a(rng.o)
                0x08010074                daisy::Random::Init()
 .text._ZN5daisy9SpiHandle4Impl7InitDmaEv
                0x080100b0       0xec lib/libDaisy/build\libdaisy.a(spi.o)
                0x080100b0                daisy::SpiHandle::Impl::InitDma()
 .text._ZN5daisy9SpiHandle4Impl10StartDmaTxEPhjPFvPvEPFvS3_NS0_6ResultEES3_
                0x0801019c       0xc8 lib/libDaisy/build\libdaisy.a(spi.o)
                0x0801019c                daisy::SpiHandle::Impl::StartDmaTx(unsigned char*, unsigned int, void (*)(void*), void (*)(void*, daisy::SpiHandle::Result), void*)
 .text._ZN5daisy9SpiHandle4Impl10StartDmaRxEPhjPFvPvEPFvS3_NS0_6ResultEES3_
                0x08010264       0xc8 lib/libDaisy/build\libdaisy.a(spi.o)
                0x08010264                daisy::SpiHandle::Impl::StartDmaRx(unsigned char*, unsigned int, void (*)(void*), void (*)(void*, daisy::SpiHandle::Result), void*)
 .text._ZN5daisy9SpiHandle4Impl12StartDmaRxTxEPhS2_jPFvPvEPFvS3_NS0_6ResultEES3_
                0x0801032c       0xcc lib/libDaisy/build\libdaisy.a(spi.o)
                0x0801032c                daisy::SpiHandle::Impl::StartDmaRxTx(unsigned char*, unsigned char*, unsigned int, void (*)(void*), void (*)(void*, daisy::SpiHandle::Result), void*)
 .text._ZN5daisy9SpiHandle4Impl8InitPinsEv
                0x080103f8      0x274 lib/libDaisy/build\libdaisy.a(spi.o)
                0x080103f8                daisy::SpiHandle::Impl::InitPins()
 .text.HAL_SPI_MspInit
                0x0801066c      0x1a8 lib/libDaisy/build\libdaisy.a(spi.o)
                0x0801066c                HAL_SPI_MspInit
 .text.dsy_spi_global_init
                0x08010814       0x80 lib/libDaisy/build\libdaisy.a(spi.o)
                0x08010814                dsy_spi_global_init
 .text.SPI1_IRQHandler
                0x08010894        0xc lib/libDaisy/build\libdaisy.a(spi.o)
                0x08010894                SPI1_IRQHandler
 .text.SPI2_IRQHandler
                0x080108a0        0xc lib/libDaisy/build\libdaisy.a(spi.o)
                0x080108a0                SPI2_IRQHandler
 .text.SPI3_IRQHandler
                0x080108ac        0xc lib/libDaisy/build\libdaisy.a(spi.o)
                0x080108ac                SPI3_IRQHandler
 .text.SPI4_IRQHandler
                0x080108b8        0xc lib/libDaisy/build\libdaisy.a(spi.o)
                0x080108b8                SPI4_IRQHandler
 .text.SPI5_IRQHandler
                0x080108c4        0xc lib/libDaisy/build\libdaisy.a(spi.o)
                0x080108c4                SPI5_IRQHandler
 .text.DMA2_Stream2_IRQHandler
                0x080108d0       0x34 lib/libDaisy/build\libdaisy.a(spi.o)
                0x080108d0                DMA2_Stream2_IRQHandler
 .text.DMA2_Stream3_IRQHandler
                0x08010904       0x38 lib/libDaisy/build\libdaisy.a(spi.o)
                0x08010904                DMA2_Stream3_IRQHandler
 .text.HAL_SPI_TxCpltCallback
                0x0801093c       0xc4 lib/libDaisy/build\libdaisy.a(spi.o)
                0x0801093c                HAL_SPI_TxCpltCallback
 .text.HAL_SPI_RxCpltCallback
                0x08010a00       0xc4 lib/libDaisy/build\libdaisy.a(spi.o)
                0x08010a00                HAL_SPI_RxCpltCallback
 .text.HAL_SPI_TxRxCpltCallback
                0x08010ac4       0xc4 lib/libDaisy/build\libdaisy.a(spi.o)
                0x08010ac4                HAL_SPI_TxRxCpltCallback
 .text.HAL_SPI_ErrorCallback
                0x08010b88       0xc8 lib/libDaisy/build\libdaisy.a(spi.o)
                0x08010b88                HAL_SPI_ErrorCallback
 .text.startup._GLOBAL__sub_I__Z19MapInstanceToHandleP11SPI_TypeDef
                0x08010c50      0x1b0 lib/libDaisy/build\libdaisy.a(spi.o)
 .text.HAL_TIM_Base_MspInit
                0x08010e00      0x1e0 lib/libDaisy/build\libdaisy.a(tim.o)
                0x08010e00                HAL_TIM_Base_MspInit
 .text.HAL_TIM_PeriodElapsedCallback
                0x08010fe0       0x44 lib/libDaisy/build\libdaisy.a(tim.o)
                0x08010fe0                HAL_TIM_PeriodElapsedCallback
 .text.TIM2_IRQHandler
                0x08011024        0xc lib/libDaisy/build\libdaisy.a(tim.o)
                0x08011024                TIM2_IRQHandler
 .text.TIM3_IRQHandler
                0x08011030        0xc lib/libDaisy/build\libdaisy.a(tim.o)
                0x08011030                TIM3_IRQHandler
 .text.TIM4_IRQHandler
                0x0801103c        0xc lib/libDaisy/build\libdaisy.a(tim.o)
                0x0801103c                TIM4_IRQHandler
 .text.TIM5_IRQHandler
                0x08011048        0xc lib/libDaisy/build\libdaisy.a(tim.o)
                0x08011048                TIM5_IRQHandler
 .text._ZN5daisy11TimerHandle4InitERKNS0_6ConfigE
                0x08011054       0xd0 lib/libDaisy/build\libdaisy.a(tim.o)
                0x08011054                daisy::TimerHandle::Init(daisy::TimerHandle::Config const&)
 .text._ZN5daisy11TimerHandle5StartEv
                0x08011124       0x24 lib/libDaisy/build\libdaisy.a(tim.o)
                0x08011124                daisy::TimerHandle::Start()
 .text.startup._GLOBAL__sub_I__ZN5daisy11TimerHandle4Impl4InitERKNS0_6ConfigE
                0x08011148       0x38 lib/libDaisy/build\libdaisy.a(tim.o)
 .text.HAL_MDMA_Abort_IT
                0x08011180       0x2c lib/libDaisy/build\libdaisy.a(stm32h7xx_hal_mdma.o)
                0x08011180                HAL_MDMA_Abort_IT
 .text.SPI_CloseTransfer
                0x080111ac       0xb8 lib/libDaisy/build\libdaisy.a(stm32h7xx_hal_spi.o)
 .text.HAL_SPI_Init
                0x08011264      0x15c lib/libDaisy/build\libdaisy.a(stm32h7xx_hal_spi.o)
                0x08011264                HAL_SPI_Init
 .text.HAL_SPI_Transmit_DMA
                0x080113c0      0x170 lib/libDaisy/build\libdaisy.a(stm32h7xx_hal_spi.o)
                0x080113c0                HAL_SPI_Transmit_DMA
 .text.HAL_SPI_TransmitReceive_DMA
                0x08011530      0x218 lib/libDaisy/build\libdaisy.a(stm32h7xx_hal_spi.o)
                0x08011530                HAL_SPI_TransmitReceive_DMA
 .text.HAL_SPI_Receive_DMA
                0x08011748      0x1b4 lib/libDaisy/build\libdaisy.a(stm32h7xx_hal_spi.o)
                0x08011748                HAL_SPI_Receive_DMA
 .text.SPI_DMATransmitCplt
                0x080118fc       0x28 lib/libDaisy/build\libdaisy.a(stm32h7xx_hal_spi.o)
 .text.SPI_DMAReceiveCplt
                0x08011924       0x28 lib/libDaisy/build\libdaisy.a(stm32h7xx_hal_spi.o)
 .text.SPI_DMATransmitReceiveCplt
                0x0801194c       0x28 lib/libDaisy/build\libdaisy.a(stm32h7xx_hal_spi.o)
 .text.HAL_SPI_TxHalfCpltCallback
                0x08011974        0x4 lib/libDaisy/build\libdaisy.a(stm32h7xx_hal_spi.o)
                0x08011974                HAL_SPI_TxHalfCpltCallback
 .text.SPI_DMAHalfTransmitCplt
                0x08011978        0xc lib/libDaisy/build\libdaisy.a(stm32h7xx_hal_spi.o)
 .text.HAL_SPI_RxHalfCpltCallback
                0x08011984        0x4 lib/libDaisy/build\libdaisy.a(stm32h7xx_hal_spi.o)
                0x08011984                HAL_SPI_RxHalfCpltCallback
 .text.SPI_DMAHalfReceiveCplt
                0x08011988        0xc lib/libDaisy/build\libdaisy.a(stm32h7xx_hal_spi.o)
 .text.HAL_SPI_TxRxHalfCpltCallback
                0x08011994        0x4 lib/libDaisy/build\libdaisy.a(stm32h7xx_hal_spi.o)
                0x08011994                HAL_SPI_TxRxHalfCpltCallback
 .text.SPI_DMAHalfTransmitReceiveCplt
                0x08011998        0xc lib/libDaisy/build\libdaisy.a(stm32h7xx_hal_spi.o)
 .text.SPI_DMAError
                0x080119a4       0xd8 lib/libDaisy/build\libdaisy.a(stm32h7xx_hal_spi.o)
 .text.HAL_SPI_IRQHandler
                0x08011a7c      0x23c lib/libDaisy/build\libdaisy.a(stm32h7xx_hal_spi.o)
                0x08011a7c                HAL_SPI_IRQHandler
 .text.SPI_DMAAbortOnError
                0x08011cb8       0x1c lib/libDaisy/build\libdaisy.a(stm32h7xx_hal_spi.o)
 .text.HAL_SPI_GetState
                0x08011cd4        0x8 lib/libDaisy/build\libdaisy.a(stm32h7xx_hal_spi.o)
                0x08011cd4                HAL_SPI_GetState
 .text.HAL_TIM_Base_Init